{"timestamp":"2026-03-15T22:12:53.144483","level":"info","event":"Filling up the DagBag from /opt/airflow/dags/carga_neon.py","logger":"airflow.models.dagbag.DagBag"}
{"timestamp":"2026-03-15T22:13:10.086735","level":"info","event":"Filling up the DagBag from /opt/airflow/dags/carga_neon.py","logger":"airflow.models.dagbag.DagBag"}
{"timestamp":"2026-03-15T22:13:19.101773","level":"info","event":"Filling up the DagBag from /opt/airflow/dags/carga_neon.py","logger":"airflow.models.dagbag.DagBag"}
{"timestamp":"2026-03-15T22:13:37.368237","level":"info","event":"Filling up the DagBag from /opt/airflow/dags/carga_neon.py","logger":"airflow.models.dagbag.DagBag"}
{"timestamp":"2026-03-15T22:14:00.045740","level":"info","event":"Filling up the DagBag from /opt/airflow/dags/carga_neon.py","logger":"airflow.models.dagbag.DagBag"}
{"timestamp":"2026-03-15T22:14:12.725580","level":"info","event":"Filling up the DagBag from /opt/airflow/dags/carga_neon.py","logger":"airflow.models.dagbag.DagBag"}
{"timestamp":"2026-03-15T22:15:22.895036","level":"info","event":"Filling up the DagBag from /opt/airflow/dags/carga_neon.py","logger":"airflow.models.dagbag.DagBag"}
{"timestamp":"2026-03-15T22:15:29.764421","level":"info","event":"Filling up the DagBag from /opt/airflow/dags/carga_neon.py","logger":"airflow.models.dagbag.DagBag"}
{"timestamp":"2026-03-15T22:15:35.245893","level":"info","event":"Filling up the DagBag from /opt/airflow/dags/carga_neon.py","logger":"airflow.models.dagbag.DagBag"}
{"timestamp":"2026-03-15T22:15:40.864044","level":"info","event":"Filling up the DagBag from /opt/airflow/dags/carga_neon.py","logger":"airflow.models.dagbag.DagBag"}
{"timestamp":"2026-03-15T22:15:46.386411","level":"info","event":"Filling up the DagBag from /opt/airflow/dags/carga_neon.py","logger":"airflow.models.dagbag.DagBag"}
{"timestamp":"2026-03-15T22:16:29.476517","level":"info","event":"Filling up the DagBag from /opt/airflow/dags/carga_neon.py","logger":"airflow.models.dagbag.DagBag"}
{"timestamp":"2026-03-15T22:16:36.200657","level":"info","event":"Filling up the DagBag from /opt/airflow/dags/carga_neon.py","logger":"airflow.models.dagbag.DagBag"}
{"timestamp":"2026-03-15T22:16:41.650188","level":"info","event":"Filling up the DagBag from /opt/airflow/dags/carga_neon.py","logger":"airflow.models.dagbag.DagBag"}
{"timestamp":"2026-03-15T22:16:47.296985","level":"info","event":"Filling up the DagBag from /opt/airflow/dags/carga_neon.py","logger":"airflow.models.dagbag.DagBag"}
{"timestamp":"2026-03-15T22:16:52.840120","level":"info","event":"Filling up the DagBag from /opt/airflow/dags/carga_neon.py","logger":"airflow.models.dagbag.DagBag"}
{"timestamp":"2026-03-15T22:16:58.441772","level":"info","event":"Filling up the DagBag from /opt/airflow/dags/carga_neon.py","logger":"airflow.models.dagbag.DagBag"}
{"timestamp":"2026-03-15T22:17:03.849100","level":"info","event":"Filling up the DagBag from /opt/airflow/dags/carga_neon.py","logger":"airflow.models.dagbag.DagBag"}
{"timestamp":"2026-03-15T22:21:35.770076","level":"info","event":"Filling up the DagBag from /opt/airflow/dags/carga_neon.py","logger":"airflow.models.dagbag.DagBag"}
{"timestamp":"2026-03-15T22:21:44.681773","level":"info","event":"Filling up the DagBag from /opt/airflow/dags/carga_neon.py","logger":"airflow.models.dagbag.DagBag"}
{"timestamp":"2026-03-15T22:21:44.929854Z","level":"warning","event":"Process exited abnormally","exit_code":126,"logger":"processor"}
{"timestamp":"2026-03-15T22:21:50.790675","level":"info","event":"Filling up the DagBag from /opt/airflow/dags/carga_neon.py","logger":"airflow.models.dagbag.DagBag"}
{"timestamp":"2026-03-15T22:21:56.419471","level":"info","event":"Filling up the DagBag from /opt/airflow/dags/carga_neon.py","logger":"airflow.models.dagbag.DagBag"}
{"timestamp":"2026-03-15T22:22:01.988745","level":"info","event":"Filling up the DagBag from /opt/airflow/dags/carga_neon.py","logger":"airflow.models.dagbag.DagBag"}
{"timestamp":"2026-03-15T22:22:07.467559","level":"info","event":"Filling up the DagBag from /opt/airflow/dags/carga_neon.py","logger":"airflow.models.dagbag.DagBag"}
{"timestamp":"2026-03-15T22:22:13.105036","level":"info","event":"Filling up the DagBag from /opt/airflow/dags/carga_neon.py","logger":"airflow.models.dagbag.DagBag"}
{"timestamp":"2026-03-15T22:22:51.247371","level":"info","event":"Filling up the DagBag from /opt/airflow/dags/carga_neon.py","logger":"airflow.models.dagbag.DagBag"}
{"timestamp":"2026-03-15T22:22:56.629566","level":"info","event":"Filling up the DagBag from /opt/airflow/dags/carga_neon.py","logger":"airflow.models.dagbag.DagBag"}
{"timestamp":"2026-03-15T22:23:02.291032","level":"info","event":"Filling up the DagBag from /opt/airflow/dags/carga_neon.py","logger":"airflow.models.dagbag.DagBag"}
{"timestamp":"2026-03-15T22:23:08.018713","level":"info","event":"Filling up the DagBag from /opt/airflow/dags/carga_neon.py","logger":"airflow.models.dagbag.DagBag"}
{"timestamp":"2026-03-15T22:23:13.519709","level":"info","event":"Filling up the DagBag from /opt/airflow/dags/carga_neon.py","logger":"airflow.models.dagbag.DagBag"}
{"timestamp":"2026-03-15T22:23:19.203620","level":"info","event":"Filling up the DagBag from /opt/airflow/dags/carga_neon.py","logger":"airflow.models.dagbag.DagBag"}
{"timestamp":"2026-03-15T22:23:24.913831","level":"info","event":"Filling up the DagBag from /opt/airflow/dags/carga_neon.py","logger":"airflow.models.dagbag.DagBag"}
{"timestamp":"2026-03-15T22:24:08.202915","level":"info","event":"Filling up the DagBag from /opt/airflow/dags/carga_neon.py","logger":"airflow.models.dagbag.DagBag"}
{"timestamp":"2026-03-15T22:24:13.888181","level":"info","event":"Filling up the DagBag from /opt/airflow/dags/carga_neon.py","logger":"airflow.models.dagbag.DagBag"}
{"timestamp":"2026-03-15T22:24:19.352629","level":"info","event":"Filling up the DagBag from /opt/airflow/dags/carga_neon.py","logger":"airflow.models.dagbag.DagBag"}
{"timestamp":"2026-03-15T22:24:25.121806","level":"info","event":"Filling up the DagBag from /opt/airflow/dags/carga_neon.py","logger":"airflow.models.dagbag.DagBag"}
{"timestamp":"2026-03-15T22:24:31.008706","level":"info","event":"Filling up the DagBag from /opt/airflow/dags/carga_neon.py","logger":"airflow.models.dagbag.DagBag"}
{"timestamp":"2026-03-15T22:24:36.820618","level":"info","event":"Filling up the DagBag from /opt/airflow/dags/carga_neon.py","logger":"airflow.models.dagbag.DagBag"}
{"timestamp":"2026-03-15T22:24:42.990544","level":"info","event":"Filling up the DagBag from /opt/airflow/dags/carga_neon.py","logger":"airflow.models.dagbag.DagBag"}
{"timestamp":"2026-03-15T22:24:48.566566","level":"info","event":"Filling up the DagBag from /opt/airflow/dags/carga_neon.py","logger":"airflow.models.dagbag.DagBag"}
{"timestamp":"2026-03-15T22:24:55.259414","level":"info","event":"Filling up the DagBag from /opt/airflow/dags/carga_neon.py","logger":"airflow.models.dagbag.DagBag"}
{"timestamp":"2026-03-15T22:25:00.683308","level":"info","event":"Filling up the DagBag from /opt/airflow/dags/carga_neon.py","logger":"airflow.models.dagbag.DagBag"}
{"timestamp":"2026-03-15T22:25:06.099849","level":"info","event":"Filling up the DagBag from /opt/airflow/dags/carga_neon.py","logger":"airflow.models.dagbag.DagBag"}
{"timestamp":"2026-03-15T22:25:11.698694","level":"info","event":"Filling up the DagBag from /opt/airflow/dags/carga_neon.py","logger":"airflow.models.dagbag.DagBag"}
{"timestamp":"2026-03-15T22:25:17.294558","level":"info","event":"Filling up the DagBag from /opt/airflow/dags/carga_neon.py","logger":"airflow.models.dagbag.DagBag"}
{"timestamp":"2026-03-15T22:25:33.855427","level":"info","event":"Filling up the DagBag from /opt/airflow/dags/carga_neon.py","logger":"airflow.models.dagbag.DagBag"}
{"timestamp":"2026-03-15T22:25:42.477536","level":"info","event":"Filling up the DagBag from /opt/airflow/dags/carga_neon.py","logger":"airflow.models.dagbag.DagBag"}
{"timestamp":"2026-03-15T22:25:48.157836","level":"info","event":"Filling up the DagBag from /opt/airflow/dags/carga_neon.py","logger":"airflow.models.dagbag.DagBag"}
{"timestamp":"2026-03-15T22:25:54.180887","level":"info","event":"Filling up the DagBag from /opt/airflow/dags/carga_neon.py","logger":"airflow.models.dagbag.DagBag"}
{"timestamp":"2026-03-15T22:26:00.344325","level":"info","event":"Filling up the DagBag from /opt/airflow/dags/carga_neon.py","logger":"airflow.models.dagbag.DagBag"}
{"timestamp":"2026-03-15T22:26:08.657864","level":"info","event":"Filling up the DagBag from /opt/airflow/dags/carga_neon.py","logger":"airflow.models.dagbag.DagBag"}
{"timestamp":"2026-03-15T22:26:16.574653","level":"info","event":"Filling up the DagBag from /opt/airflow/dags/carga_neon.py","logger":"airflow.models.dagbag.DagBag"}
{"timestamp":"2026-03-15T22:26:22.125796","level":"info","event":"Filling up the DagBag from /opt/airflow/dags/carga_neon.py","logger":"airflow.models.dagbag.DagBag"}
{"timestamp":"2026-03-15T22:26:27.548207","level":"info","event":"Filling up the DagBag from /opt/airflow/dags/carga_neon.py","logger":"airflow.models.dagbag.DagBag"}
{"timestamp":"2026-03-15T22:26:33.165263","level":"info","event":"Filling up the DagBag from /opt/airflow/dags/carga_neon.py","logger":"airflow.models.dagbag.DagBag"}
{"timestamp":"2026-03-15T22:26:38.614479","level":"info","event":"Filling up the DagBag from /opt/airflow/dags/carga_neon.py","logger":"airflow.models.dagbag.DagBag"}
{"timestamp":"2026-03-15T22:26:44.796523","level":"info","event":"Filling up the DagBag from /opt/airflow/dags/carga_neon.py","logger":"airflow.models.dagbag.DagBag"}
{"timestamp":"2026-03-15T22:26:51.847853","level":"info","event":"Filling up the DagBag from /opt/airflow/dags/carga_neon.py","logger":"airflow.models.dagbag.DagBag"}
{"timestamp":"2026-03-15T22:26:58.436990","level":"info","event":"Filling up the DagBag from /opt/airflow/dags/carga_neon.py","logger":"airflow.models.dagbag.DagBag"}
{"timestamp":"2026-03-15T22:27:18.638491","level":"info","event":"Filling up the DagBag from /opt/airflow/dags/carga_neon.py","logger":"airflow.models.dagbag.DagBag"}
{"timestamp":"2026-03-15T22:27:25.908411","level":"info","event":"Filling up the DagBag from /opt/airflow/dags/carga_neon.py","logger":"airflow.models.dagbag.DagBag"}
{"timestamp":"2026-03-15T22:27:44.133788","level":"info","event":"Filling up the DagBag from /opt/airflow/dags/carga_neon.py","logger":"airflow.models.dagbag.DagBag"}
{"timestamp":"2026-03-15T22:27:50.179083","level":"info","event":"Filling up the DagBag from /opt/airflow/dags/carga_neon.py","logger":"airflow.models.dagbag.DagBag"}
{"timestamp":"2026-03-15T22:27:57.169682","level":"info","event":"Filling up the DagBag from /opt/airflow/dags/carga_neon.py","logger":"airflow.models.dagbag.DagBag"}
{"timestamp":"2026-03-15T22:28:03.749623","level":"info","event":"Filling up the DagBag from /opt/airflow/dags/carga_neon.py","logger":"airflow.models.dagbag.DagBag"}
{"timestamp":"2026-03-15T22:28:09.957406","level":"info","event":"Filling up the DagBag from /opt/airflow/dags/carga_neon.py","logger":"airflow.models.dagbag.DagBag"}
{"timestamp":"2026-03-15T22:28:17.866021","level":"info","event":"Filling up the DagBag from /opt/airflow/dags/carga_neon.py","logger":"airflow.models.dagbag.DagBag"}
{"timestamp":"2026-03-15T22:28:25.206786","level":"info","event":"Filling up the DagBag from /opt/airflow/dags/carga_neon.py","logger":"airflow.models.dagbag.DagBag"}
{"timestamp":"2026-03-15T22:28:30.981306","level":"info","event":"Filling up the DagBag from /opt/airflow/dags/carga_neon.py","logger":"airflow.models.dagbag.DagBag"}
{"timestamp":"2026-03-15T22:28:36.419089","level":"info","event":"Filling up the DagBag from /opt/airflow/dags/carga_neon.py","logger":"airflow.models.dagbag.DagBag"}
{"timestamp":"2026-03-15T22:28:42.042623","level":"info","event":"Filling up the DagBag from /opt/airflow/dags/carga_neon.py","logger":"airflow.models.dagbag.DagBag"}
{"timestamp":"2026-03-15T22:28:47.770797","level":"info","event":"Filling up the DagBag from /opt/airflow/dags/carga_neon.py","logger":"airflow.models.dagbag.DagBag"}
{"timestamp":"2026-03-15T22:28:53.909587","level":"info","event":"Filling up the DagBag from /opt/airflow/dags/carga_neon.py","logger":"airflow.models.dagbag.DagBag"}
{"timestamp":"2026-03-15T22:29:00.238095","level":"info","event":"Filling up the DagBag from /opt/airflow/dags/carga_neon.py","logger":"airflow.models.dagbag.DagBag"}
{"timestamp":"2026-03-15T22:29:05.934269","level":"info","event":"Filling up the DagBag from /opt/airflow/dags/carga_neon.py","logger":"airflow.models.dagbag.DagBag"}
{"timestamp":"2026-03-15T22:29:11.615299","level":"info","event":"Filling up the DagBag from /opt/airflow/dags/carga_neon.py","logger":"airflow.models.dagbag.DagBag"}
{"timestamp":"2026-03-15T22:29:17.286302","level":"info","event":"Filling up the DagBag from /opt/airflow/dags/carga_neon.py","logger":"airflow.models.dagbag.DagBag"}
{"timestamp":"2026-03-15T22:29:22.950218","level":"info","event":"Filling up the DagBag from /opt/airflow/dags/carga_neon.py","logger":"airflow.models.dagbag.DagBag"}
{"timestamp":"2026-03-15T22:29:28.448125","level":"info","event":"Filling up the DagBag from /opt/airflow/dags/carga_neon.py","logger":"airflow.models.dagbag.DagBag"}
{"timestamp":"2026-03-15T22:29:35.520845","level":"info","event":"Filling up the DagBag from /opt/airflow/dags/carga_neon.py","logger":"airflow.models.dagbag.DagBag"}
{"timestamp":"2026-03-15T22:30:11.251518","level":"info","event":"Filling up the DagBag from /opt/airflow/dags/carga_neon.py","logger":"airflow.models.dagbag.DagBag"}
{"timestamp":"2026-03-15T22:30:16.907178","level":"info","event":"Filling up the DagBag from /opt/airflow/dags/carga_neon.py","logger":"airflow.models.dagbag.DagBag"}
{"timestamp":"2026-03-15T22:30:22.402551","level":"info","event":"Filling up the DagBag from /opt/airflow/dags/carga_neon.py","logger":"airflow.models.dagbag.DagBag"}
{"timestamp":"2026-03-15T22:30:28.048221","level":"info","event":"Filling up the DagBag from /opt/airflow/dags/carga_neon.py","logger":"airflow.models.dagbag.DagBag"}
{"timestamp":"2026-03-15T22:30:33.547703","level":"info","event":"Filling up the DagBag from /opt/airflow/dags/carga_neon.py","logger":"airflow.models.dagbag.DagBag"}
{"timestamp":"2026-03-15T22:30:39.598536","level":"info","event":"Filling up the DagBag from /opt/airflow/dags/carga_neon.py","logger":"airflow.models.dagbag.DagBag"}
{"timestamp":"2026-03-15T22:31:30.326907","level":"info","event":"Filling up the DagBag from /opt/airflow/dags/carga_neon.py","logger":"airflow.models.dagbag.DagBag"}
{"timestamp":"2026-03-15T22:31:43.056465","level":"info","event":"Filling up the DagBag from /opt/airflow/dags/carga_neon.py","logger":"airflow.models.dagbag.DagBag"}
{"timestamp":"2026-03-15T22:31:48.836128","level":"info","event":"Filling up the DagBag from /opt/airflow/dags/carga_neon.py","logger":"airflow.models.dagbag.DagBag"}
{"timestamp":"2026-03-15T22:31:54.822561","level":"info","event":"Filling up the DagBag from /opt/airflow/dags/carga_neon.py","logger":"airflow.models.dagbag.DagBag"}
{"timestamp":"2026-03-15T22:32:00.312100","level":"info","event":"Filling up the DagBag from /opt/airflow/dags/carga_neon.py","logger":"airflow.models.dagbag.DagBag"}
{"timestamp":"2026-03-15T22:33:48.266857","level":"info","event":"Filling up the DagBag from /opt/airflow/dags/carga_neon.py","logger":"airflow.models.dagbag.DagBag"}
{"timestamp":"2026-03-15T22:34:04.662320","level":"info","event":"Filling up the DagBag from /opt/airflow/dags/carga_neon.py","logger":"airflow.models.dagbag.DagBag"}
{"timestamp":"2026-03-15T22:34:10.342554","level":"info","event":"Filling up the DagBag from /opt/airflow/dags/carga_neon.py","logger":"airflow.models.dagbag.DagBag"}
{"timestamp":"2026-03-15T22:34:16.204237","level":"info","event":"Filling up the DagBag from /opt/airflow/dags/carga_neon.py","logger":"airflow.models.dagbag.DagBag"}
{"timestamp":"2026-03-15T22:34:22.747425","level":"info","event":"Filling up the DagBag from /opt/airflow/dags/carga_neon.py","logger":"airflow.models.dagbag.DagBag"}
{"timestamp":"2026-03-15T22:36:04.951025","level":"info","event":"Filling up the DagBag from /opt/airflow/dags/carga_neon.py","logger":"airflow.models.dagbag.DagBag"}
{"timestamp":"2026-03-15T22:36:24.827546","level":"info","event":"Filling up the DagBag from /opt/airflow/dags/carga_neon.py","logger":"airflow.models.dagbag.DagBag"}
{"timestamp":"2026-03-15T22:36:30.313367","level":"info","event":"Filling up the DagBag from /opt/airflow/dags/carga_neon.py","logger":"airflow.models.dagbag.DagBag"}
{"timestamp":"2026-03-15T22:36:36.106776","level":"info","event":"Filling up the DagBag from /opt/airflow/dags/carga_neon.py","logger":"airflow.models.dagbag.DagBag"}
{"timestamp":"2026-03-15T22:36:41.434859","level":"info","event":"Filling up the DagBag from /opt/airflow/dags/carga_neon.py","logger":"airflow.models.dagbag.DagBag"}
{"timestamp":"2026-03-15T22:36:47.063844","level":"info","event":"Filling up the DagBag from /opt/airflow/dags/carga_neon.py","logger":"airflow.models.dagbag.DagBag"}
{"timestamp":"2026-03-15T22:36:53.378998","level":"info","event":"Filling up the DagBag from /opt/airflow/dags/carga_neon.py","logger":"airflow.models.dagbag.DagBag"}
{"timestamp":"2026-03-15T22:37:18.040260","level":"info","event":"Filling up the DagBag from /opt/airflow/dags/carga_neon.py","logger":"airflow.models.dagbag.DagBag"}
{"timestamp":"2026-03-15T22:37:25.918945","level":"info","event":"Filling up the DagBag from /opt/airflow/dags/carga_neon.py","logger":"airflow.models.dagbag.DagBag"}
{"timestamp":"2026-03-15T22:37:31.311156","level":"info","event":"Filling up the DagBag from /opt/airflow/dags/carga_neon.py","logger":"airflow.models.dagbag.DagBag"}
{"timestamp":"2026-03-15T22:37:36.910864","level":"info","event":"Filling up the DagBag from /opt/airflow/dags/carga_neon.py","logger":"airflow.models.dagbag.DagBag"}
{"timestamp":"2026-03-15T22:37:42.397865","level":"info","event":"Filling up the DagBag from /opt/airflow/dags/carga_neon.py","logger":"airflow.models.dagbag.DagBag"}
{"timestamp":"2026-03-15T22:37:47.941583","level":"info","event":"Filling up the DagBag from /opt/airflow/dags/carga_neon.py","logger":"airflow.models.dagbag.DagBag"}
{"timestamp":"2026-03-15T22:37:53.872513","level":"info","event":"Filling up the DagBag from /opt/airflow/dags/carga_neon.py","logger":"airflow.models.dagbag.DagBag"}
{"timestamp":"2026-03-15T22:38:30.467010","level":"info","event":"Filling up the DagBag from /opt/airflow/dags/carga_neon.py","logger":"airflow.models.dagbag.DagBag"}
{"timestamp":"2026-03-15T22:38:36.890650","level":"info","event":"Filling up the DagBag from /opt/airflow/dags/carga_neon.py","logger":"airflow.models.dagbag.DagBag"}
{"timestamp":"2026-03-15T22:38:42.434268","level":"info","event":"Filling up the DagBag from /opt/airflow/dags/carga_neon.py","logger":"airflow.models.dagbag.DagBag"}
{"timestamp":"2026-03-15T22:38:48.847897","level":"info","event":"Filling up the DagBag from /opt/airflow/dags/carga_neon.py","logger":"airflow.models.dagbag.DagBag"}
{"timestamp":"2026-03-15T22:38:54.739063","level":"info","event":"Filling up the DagBag from /opt/airflow/dags/carga_neon.py","logger":"airflow.models.dagbag.DagBag"}
{"timestamp":"2026-03-15T22:39:00.389479","level":"info","event":"Filling up the DagBag from /opt/airflow/dags/carga_neon.py","logger":"airflow.models.dagbag.DagBag"}
{"timestamp":"2026-03-15T22:39:06.435575","level":"info","event":"Filling up the DagBag from /opt/airflow/dags/carga_neon.py","logger":"airflow.models.dagbag.DagBag"}
{"timestamp":"2026-03-15T22:41:02.937867","level":"info","event":"Filling up the DagBag from /opt/airflow/dags/carga_neon.py","logger":"airflow.models.dagbag.DagBag"}
{"timestamp":"2026-03-15T22:41:11.783020","level":"info","event":"Filling up the DagBag from /opt/airflow/dags/carga_neon.py","logger":"airflow.models.dagbag.DagBag"}
{"timestamp":"2026-03-15T22:41:17.626592","level":"info","event":"Filling up the DagBag from /opt/airflow/dags/carga_neon.py","logger":"airflow.models.dagbag.DagBag"}
{"timestamp":"2026-03-15T22:41:23.167988","level":"info","event":"Filling up the DagBag from /opt/airflow/dags/carga_neon.py","logger":"airflow.models.dagbag.DagBag"}
{"timestamp":"2026-03-15T22:41:28.869682","level":"info","event":"Filling up the DagBag from /opt/airflow/dags/carga_neon.py","logger":"airflow.models.dagbag.DagBag"}
{"timestamp":"2026-03-15T22:41:34.530683","level":"info","event":"Filling up the DagBag from /opt/airflow/dags/carga_neon.py","logger":"airflow.models.dagbag.DagBag"}
{"timestamp":"2026-03-15T22:41:40.900893","level":"info","event":"Filling up the DagBag from /opt/airflow/dags/carga_neon.py","logger":"airflow.models.dagbag.DagBag"}
{"timestamp":"2026-03-15T22:41:46.412552","level":"info","event":"Filling up the DagBag from /opt/airflow/dags/carga_neon.py","logger":"airflow.models.dagbag.DagBag"}
{"timestamp":"2026-03-15T22:41:52.258572","level":"info","event":"Filling up the DagBag from /opt/airflow/dags/carga_neon.py","logger":"airflow.models.dagbag.DagBag"}
{"timestamp":"2026-03-15T22:41:58.364937","level":"info","event":"Filling up the DagBag from /opt/airflow/dags/carga_neon.py","logger":"airflow.models.dagbag.DagBag"}
{"timestamp":"2026-03-15T22:42:04.476373","level":"info","event":"Filling up the DagBag from /opt/airflow/dags/carga_neon.py","logger":"airflow.models.dagbag.DagBag"}
{"timestamp":"2026-03-15T22:42:10.712713","level":"info","event":"Filling up the DagBag from /opt/airflow/dags/carga_neon.py","logger":"airflow.models.dagbag.DagBag"}
{"timestamp":"2026-03-15T22:42:16.257790","level":"info","event":"Filling up the DagBag from /opt/airflow/dags/carga_neon.py","logger":"airflow.models.dagbag.DagBag"}
{"timestamp":"2026-03-15T22:42:24.227884","level":"info","event":"Filling up the DagBag from /opt/airflow/dags/carga_neon.py","logger":"airflow.models.dagbag.DagBag"}
{"timestamp":"2026-03-15T22:42:30.283911","level":"info","event":"Filling up the DagBag from /opt/airflow/dags/carga_neon.py","logger":"airflow.models.dagbag.DagBag"}
{"timestamp":"2026-03-15T22:42:36.599669","level":"info","event":"Filling up the DagBag from /opt/airflow/dags/carga_neon.py","logger":"airflow.models.dagbag.DagBag"}
{"timestamp":"2026-03-15T22:42:42.224844","level":"info","event":"Filling up the DagBag from /opt/airflow/dags/carga_neon.py","logger":"airflow.models.dagbag.DagBag"}
{"timestamp":"2026-03-15T22:42:47.628536","level":"info","event":"Filling up the DagBag from /opt/airflow/dags/carga_neon.py","logger":"airflow.models.dagbag.DagBag"}
{"timestamp":"2026-03-15T22:42:53.252310","level":"info","event":"Filling up the DagBag from /opt/airflow/dags/carga_neon.py","logger":"airflow.models.dagbag.DagBag"}
{"timestamp":"2026-03-15T22:42:59.931087","level":"info","event":"Filling up the DagBag from /opt/airflow/dags/carga_neon.py","logger":"airflow.models.dagbag.DagBag"}
{"timestamp":"2026-03-15T22:43:25.916119","level":"info","event":"Filling up the DagBag from /opt/airflow/dags/carga_neon.py","logger":"airflow.models.dagbag.DagBag"}
{"timestamp":"2026-03-15T22:44:10.229768","level":"info","event":"Filling up the DagBag from /opt/airflow/dags/carga_neon.py","logger":"airflow.models.dagbag.DagBag"}
{"timestamp":"2026-03-15T22:44:24.098332","level":"info","event":"Filling up the DagBag from /opt/airflow/dags/carga_neon.py","logger":"airflow.models.dagbag.DagBag"}
{"timestamp":"2026-03-15T22:44:31.765126","level":"info","event":"Filling up the DagBag from /opt/airflow/dags/carga_neon.py","logger":"airflow.models.dagbag.DagBag"}
{"timestamp":"2026-03-15T22:44:40.354043","level":"info","event":"Filling up the DagBag from /opt/airflow/dags/carga_neon.py","logger":"airflow.models.dagbag.DagBag"}
{"timestamp":"2026-03-15T22:44:46.757622","level":"info","event":"Filling up the DagBag from /opt/airflow/dags/carga_neon.py","logger":"airflow.models.dagbag.DagBag"}
{"timestamp":"2026-03-15T22:44:52.918554","level":"info","event":"Filling up the DagBag from /opt/airflow/dags/carga_neon.py","logger":"airflow.models.dagbag.DagBag"}
{"timestamp":"2026-03-15T22:45:04.631053","level":"info","event":"Filling up the DagBag from /opt/airflow/dags/carga_neon.py","logger":"airflow.models.dagbag.DagBag"}
{"timestamp":"2026-03-15T22:45:16.419938","level":"info","event":"Filling up the DagBag from /opt/airflow/dags/carga_neon.py","logger":"airflow.models.dagbag.DagBag"}
{"timestamp":"2026-03-15T22:45:21.941836","level":"info","event":"Filling up the DagBag from /opt/airflow/dags/carga_neon.py","logger":"airflow.models.dagbag.DagBag"}
{"timestamp":"2026-03-15T22:45:27.431935","level":"info","event":"Filling up the DagBag from /opt/airflow/dags/carga_neon.py","logger":"airflow.models.dagbag.DagBag"}
{"timestamp":"2026-03-15T22:45:33.036966","level":"info","event":"Filling up the DagBag from /opt/airflow/dags/carga_neon.py","logger":"airflow.models.dagbag.DagBag"}
{"timestamp":"2026-03-15T22:45:38.386946","level":"info","event":"Filling up the DagBag from /opt/airflow/dags/carga_neon.py","logger":"airflow.models.dagbag.DagBag"}
{"timestamp":"2026-03-15T22:45:43.971985","level":"info","event":"Filling up the DagBag from /opt/airflow/dags/carga_neon.py","logger":"airflow.models.dagbag.DagBag"}
{"timestamp":"2026-03-15T22:45:49.839932","level":"info","event":"Filling up the DagBag from /opt/airflow/dags/carga_neon.py","logger":"airflow.models.dagbag.DagBag"}
{"timestamp":"2026-03-15T22:45:55.671120","level":"info","event":"Filling up the DagBag from /opt/airflow/dags/carga_neon.py","logger":"airflow.models.dagbag.DagBag"}
{"timestamp":"2026-03-15T22:46:01.069604","level":"info","event":"Filling up the DagBag from /opt/airflow/dags/carga_neon.py","logger":"airflow.models.dagbag.DagBag"}
{"timestamp":"2026-03-15T22:46:08.132694","level":"info","event":"Filling up the DagBag from /opt/airflow/dags/carga_neon.py","logger":"airflow.models.dagbag.DagBag"}
{"timestamp":"2026-03-15T22:46:13.785122","level":"info","event":"Filling up the DagBag from /opt/airflow/dags/carga_neon.py","logger":"airflow.models.dagbag.DagBag"}
{"timestamp":"2026-03-15T22:46:19.587406","level":"info","event":"Filling up the DagBag from /opt/airflow/dags/carga_neon.py","logger":"airflow.models.dagbag.DagBag"}
{"timestamp":"2026-03-15T22:46:25.365538","level":"info","event":"Filling up the DagBag from /opt/airflow/dags/carga_neon.py","logger":"airflow.models.dagbag.DagBag"}
{"timestamp":"2026-03-15T22:46:36.449478","level":"info","event":"Filling up the DagBag from /opt/airflow/dags/carga_neon.py","logger":"airflow.models.dagbag.DagBag"}
{"timestamp":"2026-03-15T22:46:41.953017","level":"info","event":"Filling up the DagBag from /opt/airflow/dags/carga_neon.py","logger":"airflow.models.dagbag.DagBag"}
{"timestamp":"2026-03-15T22:46:47.573742","level":"info","event":"Filling up the DagBag from /opt/airflow/dags/carga_neon.py","logger":"airflow.models.dagbag.DagBag"}
{"timestamp":"2026-03-15T22:46:53.964288","level":"info","event":"Filling up the DagBag from /opt/airflow/dags/carga_neon.py","logger":"airflow.models.dagbag.DagBag"}
{"timestamp":"2026-03-15T22:46:59.720362","level":"info","event":"Filling up the DagBag from /opt/airflow/dags/carga_neon.py","logger":"airflow.models.dagbag.DagBag"}
{"timestamp":"2026-03-15T22:47:05.469242","level":"info","event":"Filling up the DagBag from /opt/airflow/dags/carga_neon.py","logger":"airflow.models.dagbag.DagBag"}
{"timestamp":"2026-03-15T22:47:11.258402","level":"info","event":"Filling up the DagBag from /opt/airflow/dags/carga_neon.py","logger":"airflow.models.dagbag.DagBag"}
{"timestamp":"2026-03-15T22:48:42.212844","level":"info","event":"Filling up the DagBag from /opt/airflow/dags/carga_neon.py","logger":"airflow.models.dagbag.DagBag"}
{"timestamp":"2026-03-15T22:48:47.583446","level":"info","event":"Filling up the DagBag from /opt/airflow/dags/carga_neon.py","logger":"airflow.models.dagbag.DagBag"}
{"timestamp":"2026-03-15T22:48:53.150832","level":"info","event":"Filling up the DagBag from /opt/airflow/dags/carga_neon.py","logger":"airflow.models.dagbag.DagBag"}
{"timestamp":"2026-03-15T22:48:58.471659","level":"info","event":"Filling up the DagBag from /opt/airflow/dags/carga_neon.py","logger":"airflow.models.dagbag.DagBag"}
{"timestamp":"2026-03-15T22:49:04.089068","level":"info","event":"Filling up the DagBag from /opt/airflow/dags/carga_neon.py","logger":"airflow.models.dagbag.DagBag"}
{"timestamp":"2026-03-15T22:49:09.571732","level":"info","event":"Filling up the DagBag from /opt/airflow/dags/carga_neon.py","logger":"airflow.models.dagbag.DagBag"}
{"timestamp":"2026-03-15T22:49:21.256629","level":"info","event":"Filling up the DagBag from /opt/airflow/dags/carga_neon.py","logger":"airflow.models.dagbag.DagBag"}
{"timestamp":"2026-03-15T22:49:55.407846","level":"error","event":"Process timed out, PID: 1697","logger":"airflow.utils.timeout.TimeoutPosix"}
{"timestamp":"2026-03-15T22:50:03.434815","level":"error","event":"Failed to import: /opt/airflow/dags/carga_neon.py","logger":"airflow.models.dagbag.DagBag","error_detail":[{"exc_type":"AirflowTaskTimeout","exc_value":"DagBag import timeout for /opt/airflow/dags/carga_neon.py after 30.0s.\nPlease take a look at these docs to improve your DAG import time:\n* https://airflow.apache.org/docs/apache-airflow/3.0.1/best-practices.html#top-level-python-code\n* https://airflow.apache.org/docs/apache-airflow/3.0.1/best-practices.html#reducing-dag-complexity, PID: 1697","exc_notes":[],"syntax_error":null,"is_cause":false,"frames":[{"filename":"/home/airflow/.local/lib/python3.12/site-packages/airflow/models/dagbag.py","lineno":382,"name":"parse"},{"filename":"<frozen importlib._bootstrap_external>","lineno":999,"name":"exec_module"},{"filename":"<frozen importlib._bootstrap>","lineno":488,"name":"_call_with_frames_removed"},{"filename":"/opt/airflow/dags/carga_neon.py","lineno":52,"name":"<module>"},{"filename":"<attrs generated methods airflow.sdk.definitions.taskgroup.TaskGroup>","lineno":56,"name":"__init__"},{"filename":"/home/airflow/.local/lib/python3.12/site-packages/airflow/sdk/definitions/taskgroup.py","lineno":165,"name":"__attrs_post_init__"},{"filename":"/home/airflow/.local/lib/python3.12/site-packages/airflow/sdk/definitions/taskgroup.py","lineno":271,"name":"group_id"},{"filename":"/home/airflow/.local/lib/python3.12/site-packages/airflow/utils/timeout.py","lineno":69,"name":"handle_timeout"}]}]}
{"timestamp":"2026-03-15T22:50:37.484670","level":"info","event":"Filling up the DagBag from /opt/airflow/dags/carga_neon.py","logger":"airflow.models.dagbag.DagBag"}
{"timestamp":"2026-03-15T22:50:42.861615","level":"info","event":"Filling up the DagBag from /opt/airflow/dags/carga_neon.py","logger":"airflow.models.dagbag.DagBag"}
{"timestamp":"2026-03-15T22:50:48.312912","level":"info","event":"Filling up the DagBag from /opt/airflow/dags/carga_neon.py","logger":"airflow.models.dagbag.DagBag"}
{"timestamp":"2026-03-15T22:50:53.703777","level":"info","event":"Filling up the DagBag from /opt/airflow/dags/carga_neon.py","logger":"airflow.models.dagbag.DagBag"}
{"timestamp":"2026-03-15T22:50:59.098260","level":"info","event":"Filling up the DagBag from /opt/airflow/dags/carga_neon.py","logger":"airflow.models.dagbag.DagBag"}
{"timestamp":"2026-03-15T22:51:04.468387","level":"info","event":"Filling up the DagBag from /opt/airflow/dags/carga_neon.py","logger":"airflow.models.dagbag.DagBag"}
{"timestamp":"2026-03-15T22:51:38.719898","level":"info","event":"Filling up the DagBag from /opt/airflow/dags/carga_neon.py","logger":"airflow.models.dagbag.DagBag"}
{"timestamp":"2026-03-15T22:51:44.200113","level":"info","event":"Filling up the DagBag from /opt/airflow/dags/carga_neon.py","logger":"airflow.models.dagbag.DagBag"}
{"timestamp":"2026-03-15T22:51:49.597812","level":"info","event":"Filling up the DagBag from /opt/airflow/dags/carga_neon.py","logger":"airflow.models.dagbag.DagBag"}
{"timestamp":"2026-03-15T22:51:54.893642","level":"info","event":"Filling up the DagBag from /opt/airflow/dags/carga_neon.py","logger":"airflow.models.dagbag.DagBag"}
{"timestamp":"2026-03-15T22:52:00.150305","level":"info","event":"Filling up the DagBag from /opt/airflow/dags/carga_neon.py","logger":"airflow.models.dagbag.DagBag"}
{"timestamp":"2026-03-15T22:52:05.678435","level":"info","event":"Filling up the DagBag from /opt/airflow/dags/carga_neon.py","logger":"airflow.models.dagbag.DagBag"}
{"timestamp":"2026-03-15T22:52:11.351130","level":"info","event":"Filling up the DagBag from /opt/airflow/dags/carga_neon.py","logger":"airflow.models.dagbag.DagBag"}
{"timestamp":"2026-03-15T22:52:26.494473","level":"info","event":"Filling up the DagBag from /opt/airflow/dags/carga_neon.py","logger":"airflow.models.dagbag.DagBag"}
{"timestamp":"2026-03-15T22:52:32.966355","level":"info","event":"Filling up the DagBag from /opt/airflow/dags/carga_neon.py","logger":"airflow.models.dagbag.DagBag"}
{"timestamp":"2026-03-15T22:52:40.507596","level":"info","event":"Filling up the DagBag from /opt/airflow/dags/carga_neon.py","logger":"airflow.models.dagbag.DagBag"}
{"timestamp":"2026-03-15T22:52:45.807065","level":"info","event":"Filling up the DagBag from /opt/airflow/dags/carga_neon.py","logger":"airflow.models.dagbag.DagBag"}
{"timestamp":"2026-03-15T22:52:51.129809","level":"info","event":"Filling up the DagBag from /opt/airflow/dags/carga_neon.py","logger":"airflow.models.dagbag.DagBag"}
{"timestamp":"2026-03-15T22:52:56.708721","level":"info","event":"Filling up the DagBag from /opt/airflow/dags/carga_neon.py","logger":"airflow.models.dagbag.DagBag"}
{"timestamp":"2026-03-15T22:53:09.580897","level":"info","event":"Filling up the DagBag from /opt/airflow/dags/carga_neon.py","logger":"airflow.models.dagbag.DagBag"}
{"timestamp":"2026-03-15T22:53:15.097095","level":"info","event":"Filling up the DagBag from /opt/airflow/dags/carga_neon.py","logger":"airflow.models.dagbag.DagBag"}
{"timestamp":"2026-03-15T22:53:20.373129","level":"info","event":"Filling up the DagBag from /opt/airflow/dags/carga_neon.py","logger":"airflow.models.dagbag.DagBag"}
{"timestamp":"2026-03-15T22:53:25.715678","level":"info","event":"Filling up the DagBag from /opt/airflow/dags/carga_neon.py","logger":"airflow.models.dagbag.DagBag"}
{"timestamp":"2026-03-15T22:53:30.977031","level":"info","event":"Filling up the DagBag from /opt/airflow/dags/carga_neon.py","logger":"airflow.models.dagbag.DagBag"}
{"timestamp":"2026-03-15T22:53:36.332825","level":"info","event":"Filling up the DagBag from /opt/airflow/dags/carga_neon.py","logger":"airflow.models.dagbag.DagBag"}
{"timestamp":"2026-03-15T22:53:41.769819","level":"info","event":"Filling up the DagBag from /opt/airflow/dags/carga_neon.py","logger":"airflow.models.dagbag.DagBag"}
{"timestamp":"2026-03-15T22:54:12.576536","level":"info","event":"Filling up the DagBag from /opt/airflow/dags/carga_neon.py","logger":"airflow.models.dagbag.DagBag"}
{"timestamp":"2026-03-15T22:54:18.040785","level":"info","event":"Filling up the DagBag from /opt/airflow/dags/carga_neon.py","logger":"airflow.models.dagbag.DagBag"}
{"timestamp":"2026-03-15T22:54:23.451126","level":"info","event":"Filling up the DagBag from /opt/airflow/dags/carga_neon.py","logger":"airflow.models.dagbag.DagBag"}
{"timestamp":"2026-03-15T22:54:28.910065","level":"info","event":"Filling up the DagBag from /opt/airflow/dags/carga_neon.py","logger":"airflow.models.dagbag.DagBag"}
{"timestamp":"2026-03-15T22:54:34.339323","level":"info","event":"Filling up the DagBag from /opt/airflow/dags/carga_neon.py","logger":"airflow.models.dagbag.DagBag"}
{"timestamp":"2026-03-15T22:54:39.753487","level":"info","event":"Filling up the DagBag from /opt/airflow/dags/carga_neon.py","logger":"airflow.models.dagbag.DagBag"}
{"timestamp":"2026-03-15T22:54:45.809474","level":"info","event":"Filling up the DagBag from /opt/airflow/dags/carga_neon.py","logger":"airflow.models.dagbag.DagBag"}
{"timestamp":"2026-03-15T22:55:27.453973","level":"info","event":"Filling up the DagBag from /opt/airflow/dags/carga_neon.py","logger":"airflow.models.dagbag.DagBag"}
{"timestamp":"2026-03-15T22:55:32.914439","level":"info","event":"Filling up the DagBag from /opt/airflow/dags/carga_neon.py","logger":"airflow.models.dagbag.DagBag"}
{"timestamp":"2026-03-15T22:55:38.282881","level":"info","event":"Filling up the DagBag from /opt/airflow/dags/carga_neon.py","logger":"airflow.models.dagbag.DagBag"}
{"timestamp":"2026-03-15T22:55:43.723291","level":"info","event":"Filling up the DagBag from /opt/airflow/dags/carga_neon.py","logger":"airflow.models.dagbag.DagBag"}
{"timestamp":"2026-03-15T22:55:48.990190","level":"info","event":"Filling up the DagBag from /opt/airflow/dags/carga_neon.py","logger":"airflow.models.dagbag.DagBag"}
{"timestamp":"2026-03-15T22:55:54.526277","level":"info","event":"Filling up the DagBag from /opt/airflow/dags/carga_neon.py","logger":"airflow.models.dagbag.DagBag"}
{"timestamp":"2026-03-15T22:56:47.206976","level":"info","event":"Filling up the DagBag from /opt/airflow/dags/carga_neon.py","logger":"airflow.models.dagbag.DagBag"}
{"timestamp":"2026-03-15T22:56:52.796539","level":"info","event":"Filling up the DagBag from /opt/airflow/dags/carga_neon.py","logger":"airflow.models.dagbag.DagBag"}
{"timestamp":"2026-03-15T22:56:58.217930","level":"info","event":"Filling up the DagBag from /opt/airflow/dags/carga_neon.py","logger":"airflow.models.dagbag.DagBag"}
{"timestamp":"2026-03-15T22:57:03.643259","level":"info","event":"Filling up the DagBag from /opt/airflow/dags/carga_neon.py","logger":"airflow.models.dagbag.DagBag"}
{"timestamp":"2026-03-15T22:57:09.058118","level":"info","event":"Filling up the DagBag from /opt/airflow/dags/carga_neon.py","logger":"airflow.models.dagbag.DagBag"}
{"timestamp":"2026-03-15T22:57:14.350394","level":"info","event":"Filling up the DagBag from /opt/airflow/dags/carga_neon.py","logger":"airflow.models.dagbag.DagBag"}
{"timestamp":"2026-03-15T22:57:20.617449","level":"info","event":"Filling up the DagBag from /opt/airflow/dags/carga_neon.py","logger":"airflow.models.dagbag.DagBag"}
{"timestamp":"2026-03-15T22:57:40.503197","level":"info","event":"Filling up the DagBag from /opt/airflow/dags/carga_neon.py","logger":"airflow.models.dagbag.DagBag"}
{"timestamp":"2026-03-15T22:57:45.843100","level":"info","event":"Filling up the DagBag from /opt/airflow/dags/carga_neon.py","logger":"airflow.models.dagbag.DagBag"}
{"timestamp":"2026-03-15T22:57:51.325667","level":"info","event":"Filling up the DagBag from /opt/airflow/dags/carga_neon.py","logger":"airflow.models.dagbag.DagBag"}
{"timestamp":"2026-03-15T22:57:56.803370","level":"info","event":"Filling up the DagBag from /opt/airflow/dags/carga_neon.py","logger":"airflow.models.dagbag.DagBag"}
{"timestamp":"2026-03-15T22:58:02.260964","level":"info","event":"Filling up the DagBag from /opt/airflow/dags/carga_neon.py","logger":"airflow.models.dagbag.DagBag"}
{"timestamp":"2026-03-15T22:58:07.657948","level":"info","event":"Filling up the DagBag from /opt/airflow/dags/carga_neon.py","logger":"airflow.models.dagbag.DagBag"}
{"timestamp":"2026-03-15T22:58:12.971695","level":"info","event":"Filling up the DagBag from /opt/airflow/dags/carga_neon.py","logger":"airflow.models.dagbag.DagBag"}
{"timestamp":"2026-03-15T22:58:48.436384","level":"info","event":"Filling up the DagBag from /opt/airflow/dags/carga_neon.py","logger":"airflow.models.dagbag.DagBag"}
{"timestamp":"2026-03-15T22:58:53.798692","level":"info","event":"Filling up the DagBag from /opt/airflow/dags/carga_neon.py","logger":"airflow.models.dagbag.DagBag"}
{"timestamp":"2026-03-15T22:58:59.107181","level":"info","event":"Filling up the DagBag from /opt/airflow/dags/carga_neon.py","logger":"airflow.models.dagbag.DagBag"}
{"timestamp":"2026-03-15T22:59:04.464335","level":"info","event":"Filling up the DagBag from /opt/airflow/dags/carga_neon.py","logger":"airflow.models.dagbag.DagBag"}
{"timestamp":"2026-03-15T22:59:09.854233","level":"info","event":"Filling up the DagBag from /opt/airflow/dags/carga_neon.py","logger":"airflow.models.dagbag.DagBag"}
{"timestamp":"2026-03-15T22:59:15.263948","level":"info","event":"Filling up the DagBag from /opt/airflow/dags/carga_neon.py","logger":"airflow.models.dagbag.DagBag"}
{"timestamp":"2026-03-15T22:59:21.170647","level":"info","event":"Filling up the DagBag from /opt/airflow/dags/carga_neon.py","logger":"airflow.models.dagbag.DagBag"}
{"timestamp":"2026-03-15T23:00:22.623268","level":"info","event":"Filling up the DagBag from /opt/airflow/dags/carga_neon.py","logger":"airflow.models.dagbag.DagBag"}
{"timestamp":"2026-03-15T23:00:28.778902","level":"info","event":"Filling up the DagBag from /opt/airflow/dags/carga_neon.py","logger":"airflow.models.dagbag.DagBag"}
{"timestamp":"2026-03-15T23:00:34.483958","level":"info","event":"Filling up the DagBag from /opt/airflow/dags/carga_neon.py","logger":"airflow.models.dagbag.DagBag"}
{"timestamp":"2026-03-15T23:00:40.190812","level":"info","event":"Filling up the DagBag from /opt/airflow/dags/carga_neon.py","logger":"airflow.models.dagbag.DagBag"}
{"timestamp":"2026-03-15T23:00:45.973924","level":"info","event":"Filling up the DagBag from /opt/airflow/dags/carga_neon.py","logger":"airflow.models.dagbag.DagBag"}
{"timestamp":"2026-03-15T23:00:51.306658","level":"info","event":"Filling up the DagBag from /opt/airflow/dags/carga_neon.py","logger":"airflow.models.dagbag.DagBag"}
{"timestamp":"2026-03-15T23:00:56.598117","level":"info","event":"Filling up the DagBag from /opt/airflow/dags/carga_neon.py","logger":"airflow.models.dagbag.DagBag"}
{"timestamp":"2026-03-15T23:01:58.690834","level":"info","event":"Filling up the DagBag from /opt/airflow/dags/carga_neon.py","logger":"airflow.models.dagbag.DagBag"}
{"timestamp":"2026-03-15T23:02:04.376116","level":"info","event":"Filling up the DagBag from /opt/airflow/dags/carga_neon.py","logger":"airflow.models.dagbag.DagBag"}
{"timestamp":"2026-03-15T23:02:09.767816","level":"info","event":"Filling up the DagBag from /opt/airflow/dags/carga_neon.py","logger":"airflow.models.dagbag.DagBag"}
{"timestamp":"2026-03-15T23:02:15.586657","level":"info","event":"Filling up the DagBag from /opt/airflow/dags/carga_neon.py","logger":"airflow.models.dagbag.DagBag"}
{"timestamp":"2026-03-15T23:02:23.169298","level":"info","event":"Filling up the DagBag from /opt/airflow/dags/carga_neon.py","logger":"airflow.models.dagbag.DagBag"}
{"timestamp":"2026-03-15T23:02:28.404767","level":"info","event":"Filling up the DagBag from /opt/airflow/dags/carga_neon.py","logger":"airflow.models.dagbag.DagBag"}
{"timestamp":"2026-03-15T23:02:33.889470","level":"info","event":"Filling up the DagBag from /opt/airflow/dags/carga_neon.py","logger":"airflow.models.dagbag.DagBag"}
{"timestamp":"2026-03-15T23:02:39.640684","level":"info","event":"Filling up the DagBag from /opt/airflow/dags/carga_neon.py","logger":"airflow.models.dagbag.DagBag"}
{"timestamp":"2026-03-15T23:02:45.545290","level":"info","event":"Filling up the DagBag from /opt/airflow/dags/carga_neon.py","logger":"airflow.models.dagbag.DagBag"}
{"timestamp":"2026-03-15T23:02:51.196449","level":"info","event":"Filling up the DagBag from /opt/airflow/dags/carga_neon.py","logger":"airflow.models.dagbag.DagBag"}
{"timestamp":"2026-03-15T23:02:56.554317","level":"info","event":"Filling up the DagBag from /opt/airflow/dags/carga_neon.py","logger":"airflow.models.dagbag.DagBag"}
{"timestamp":"2026-03-15T23:03:02.005804","level":"info","event":"Filling up the DagBag from /opt/airflow/dags/carga_neon.py","logger":"airflow.models.dagbag.DagBag"}
{"timestamp":"2026-03-15T23:03:07.291314","level":"info","event":"Filling up the DagBag from /opt/airflow/dags/carga_neon.py","logger":"airflow.models.dagbag.DagBag"}
{"timestamp":"2026-03-15T23:03:24.446274","level":"info","event":"Filling up the DagBag from /opt/airflow/dags/carga_neon.py","logger":"airflow.models.dagbag.DagBag"}
{"timestamp":"2026-03-15T23:03:33.572163","level":"info","event":"Filling up the DagBag from /opt/airflow/dags/carga_neon.py","logger":"airflow.models.dagbag.DagBag"}
{"timestamp":"2026-03-15T23:03:38.872332","level":"info","event":"Filling up the DagBag from /opt/airflow/dags/carga_neon.py","logger":"airflow.models.dagbag.DagBag"}
{"timestamp":"2026-03-15T23:03:44.311007","level":"info","event":"Filling up the DagBag from /opt/airflow/dags/carga_neon.py","logger":"airflow.models.dagbag.DagBag"}
{"timestamp":"2026-03-15T23:03:49.683293","level":"info","event":"Filling up the DagBag from /opt/airflow/dags/carga_neon.py","logger":"airflow.models.dagbag.DagBag"}
{"timestamp":"2026-03-15T23:03:54.967393","level":"info","event":"Filling up the DagBag from /opt/airflow/dags/carga_neon.py","logger":"airflow.models.dagbag.DagBag"}
{"timestamp":"2026-03-15T23:04:33.767096","level":"info","event":"Filling up the DagBag from /opt/airflow/dags/carga_neon.py","logger":"airflow.models.dagbag.DagBag"}
{"timestamp":"2026-03-15T23:04:39.088154","level":"info","event":"Filling up the DagBag from /opt/airflow/dags/carga_neon.py","logger":"airflow.models.dagbag.DagBag"}
{"timestamp":"2026-03-15T23:04:44.384887","level":"info","event":"Filling up the DagBag from /opt/airflow/dags/carga_neon.py","logger":"airflow.models.dagbag.DagBag"}
{"timestamp":"2026-03-15T23:04:49.733595","level":"info","event":"Filling up the DagBag from /opt/airflow/dags/carga_neon.py","logger":"airflow.models.dagbag.DagBag"}
{"timestamp":"2026-03-15T23:04:55.041508","level":"info","event":"Filling up the DagBag from /opt/airflow/dags/carga_neon.py","logger":"airflow.models.dagbag.DagBag"}
{"timestamp":"2026-03-15T23:05:00.458490","level":"info","event":"Filling up the DagBag from /opt/airflow/dags/carga_neon.py","logger":"airflow.models.dagbag.DagBag"}
{"timestamp":"2026-03-15T23:05:06.079097","level":"info","event":"Filling up the DagBag from /opt/airflow/dags/carga_neon.py","logger":"airflow.models.dagbag.DagBag"}
{"timestamp":"2026-03-15T23:05:40.985558","level":"info","event":"Filling up the DagBag from /opt/airflow/dags/carga_neon.py","logger":"airflow.models.dagbag.DagBag"}
{"timestamp":"2026-03-15T23:05:46.188600","level":"info","event":"Filling up the DagBag from /opt/airflow/dags/carga_neon.py","logger":"airflow.models.dagbag.DagBag"}
{"timestamp":"2026-03-15T23:05:51.806348","level":"info","event":"Filling up the DagBag from /opt/airflow/dags/carga_neon.py","logger":"airflow.models.dagbag.DagBag"}
{"timestamp":"2026-03-15T23:05:57.251664","level":"info","event":"Filling up the DagBag from /opt/airflow/dags/carga_neon.py","logger":"airflow.models.dagbag.DagBag"}
{"timestamp":"2026-03-15T23:06:02.821335","level":"info","event":"Filling up the DagBag from /opt/airflow/dags/carga_neon.py","logger":"airflow.models.dagbag.DagBag"}
{"timestamp":"2026-03-15T23:06:08.139012","level":"info","event":"Filling up the DagBag from /opt/airflow/dags/carga_neon.py","logger":"airflow.models.dagbag.DagBag"}
{"timestamp":"2026-03-15T23:06:14.682291","level":"info","event":"Filling up the DagBag from /opt/airflow/dags/carga_neon.py","logger":"airflow.models.dagbag.DagBag"}
{"timestamp":"2026-03-15T23:06:20.446753","level":"info","event":"Filling up the DagBag from /opt/airflow/dags/carga_neon.py","logger":"airflow.models.dagbag.DagBag"}
{"timestamp":"2026-03-15T23:06:26.026987","level":"info","event":"Filling up the DagBag from /opt/airflow/dags/carga_neon.py","logger":"airflow.models.dagbag.DagBag"}
{"timestamp":"2026-03-15T23:06:31.396225","level":"info","event":"Filling up the DagBag from /opt/airflow/dags/carga_neon.py","logger":"airflow.models.dagbag.DagBag"}
{"timestamp":"2026-03-15T23:06:36.722855","level":"info","event":"Filling up the DagBag from /opt/airflow/dags/carga_neon.py","logger":"airflow.models.dagbag.DagBag"}
{"timestamp":"2026-03-15T23:06:42.184824","level":"info","event":"Filling up the DagBag from /opt/airflow/dags/carga_neon.py","logger":"airflow.models.dagbag.DagBag"}
{"timestamp":"2026-03-15T23:06:47.512984","level":"info","event":"Filling up the DagBag from /opt/airflow/dags/carga_neon.py","logger":"airflow.models.dagbag.DagBag"}
{"timestamp":"2026-03-15T23:07:13.121347","level":"info","event":"Filling up the DagBag from /opt/airflow/dags/carga_neon.py","logger":"airflow.models.dagbag.DagBag"}
{"timestamp":"2026-03-15T23:07:19.808803","level":"info","event":"Filling up the DagBag from /opt/airflow/dags/carga_neon.py","logger":"airflow.models.dagbag.DagBag"}
{"timestamp":"2026-03-15T23:07:25.407261","level":"info","event":"Filling up the DagBag from /opt/airflow/dags/carga_neon.py","logger":"airflow.models.dagbag.DagBag"}
{"timestamp":"2026-03-15T23:07:30.816780","level":"info","event":"Filling up the DagBag from /opt/airflow/dags/carga_neon.py","logger":"airflow.models.dagbag.DagBag"}
{"timestamp":"2026-03-15T23:07:36.473166","level":"info","event":"Filling up the DagBag from /opt/airflow/dags/carga_neon.py","logger":"airflow.models.dagbag.DagBag"}
{"timestamp":"2026-03-15T23:07:42.081744","level":"info","event":"Filling up the DagBag from /opt/airflow/dags/carga_neon.py","logger":"airflow.models.dagbag.DagBag"}
{"timestamp":"2026-03-15T23:08:11.494420","level":"info","event":"Filling up the DagBag from /opt/airflow/dags/carga_neon.py","logger":"airflow.models.dagbag.DagBag"}
{"timestamp":"2026-03-15T23:08:17.473425","level":"info","event":"Filling up the DagBag from /opt/airflow/dags/carga_neon.py","logger":"airflow.models.dagbag.DagBag"}
{"timestamp":"2026-03-15T23:08:22.991785","level":"info","event":"Filling up the DagBag from /opt/airflow/dags/carga_neon.py","logger":"airflow.models.dagbag.DagBag"}
{"timestamp":"2026-03-15T23:08:28.322387","level":"info","event":"Filling up the DagBag from /opt/airflow/dags/carga_neon.py","logger":"airflow.models.dagbag.DagBag"}
{"timestamp":"2026-03-15T23:08:33.765799","level":"info","event":"Filling up the DagBag from /opt/airflow/dags/carga_neon.py","logger":"airflow.models.dagbag.DagBag"}
{"timestamp":"2026-03-15T23:08:39.157810","level":"info","event":"Filling up the DagBag from /opt/airflow/dags/carga_neon.py","logger":"airflow.models.dagbag.DagBag"}
{"timestamp":"2026-03-15T23:09:49.877076","level":"info","event":"Filling up the DagBag from /opt/airflow/dags/carga_neon.py","logger":"airflow.models.dagbag.DagBag"}
{"timestamp":"2026-03-15T23:10:12.308467","level":"info","event":"Filling up the DagBag from /opt/airflow/dags/carga_neon.py","logger":"airflow.models.dagbag.DagBag"}
{"timestamp":"2026-03-15T23:10:17.731748","level":"info","event":"Filling up the DagBag from /opt/airflow/dags/carga_neon.py","logger":"airflow.models.dagbag.DagBag"}
{"timestamp":"2026-03-15T23:10:23.191334","level":"info","event":"Filling up the DagBag from /opt/airflow/dags/carga_neon.py","logger":"airflow.models.dagbag.DagBag"}
{"timestamp":"2026-03-15T23:10:28.503826","level":"info","event":"Filling up the DagBag from /opt/airflow/dags/carga_neon.py","logger":"airflow.models.dagbag.DagBag"}
{"timestamp":"2026-03-15T23:10:34.730295","level":"info","event":"Filling up the DagBag from /opt/airflow/dags/carga_neon.py","logger":"airflow.models.dagbag.DagBag"}
{"timestamp":"2026-03-15T23:10:40.120463","level":"info","event":"Filling up the DagBag from /opt/airflow/dags/carga_neon.py","logger":"airflow.models.dagbag.DagBag"}
{"timestamp":"2026-03-15T23:11:18.447590","level":"info","event":"Filling up the DagBag from /opt/airflow/dags/carga_neon.py","logger":"airflow.models.dagbag.DagBag"}
{"timestamp":"2026-03-15T23:11:23.831762","level":"info","event":"Filling up the DagBag from /opt/airflow/dags/carga_neon.py","logger":"airflow.models.dagbag.DagBag"}
{"timestamp":"2026-03-15T23:11:29.199347","level":"info","event":"Filling up the DagBag from /opt/airflow/dags/carga_neon.py","logger":"airflow.models.dagbag.DagBag"}
{"timestamp":"2026-03-15T23:11:34.531801","level":"info","event":"Filling up the DagBag from /opt/airflow/dags/carga_neon.py","logger":"airflow.models.dagbag.DagBag"}
{"timestamp":"2026-03-15T23:11:40.013313","level":"info","event":"Filling up the DagBag from /opt/airflow/dags/carga_neon.py","logger":"airflow.models.dagbag.DagBag"}
{"timestamp":"2026-03-15T23:11:45.587563","level":"info","event":"Filling up the DagBag from /opt/airflow/dags/carga_neon.py","logger":"airflow.models.dagbag.DagBag"}
{"timestamp":"2026-03-15T23:12:40.128264","level":"info","event":"Filling up the DagBag from /opt/airflow/dags/carga_neon.py","logger":"airflow.models.dagbag.DagBag"}
{"timestamp":"2026-03-15T23:12:46.627238","level":"info","event":"Filling up the DagBag from /opt/airflow/dags/carga_neon.py","logger":"airflow.models.dagbag.DagBag"}
{"timestamp":"2026-03-15T23:12:52.195703","level":"info","event":"Filling up the DagBag from /opt/airflow/dags/carga_neon.py","logger":"airflow.models.dagbag.DagBag"}
{"timestamp":"2026-03-15T23:12:57.480662","level":"info","event":"Filling up the DagBag from /opt/airflow/dags/carga_neon.py","logger":"airflow.models.dagbag.DagBag"}
{"timestamp":"2026-03-15T23:13:03.061643","level":"info","event":"Filling up the DagBag from /opt/airflow/dags/carga_neon.py","logger":"airflow.models.dagbag.DagBag"}
{"timestamp":"2026-03-15T23:13:08.861072","level":"info","event":"Filling up the DagBag from /opt/airflow/dags/carga_neon.py","logger":"airflow.models.dagbag.DagBag"}
{"timestamp":"2026-03-15T23:13:14.269952","level":"info","event":"Filling up the DagBag from /opt/airflow/dags/carga_neon.py","logger":"airflow.models.dagbag.DagBag"}
{"timestamp":"2026-03-15T23:14:33.155000","level":"info","event":"Filling up the DagBag from /opt/airflow/dags/carga_neon.py","logger":"airflow.models.dagbag.DagBag"}
{"timestamp":"2026-03-15T23:15:22.692302","level":"info","event":"Filling up the DagBag from /opt/airflow/dags/carga_neon.py","logger":"airflow.models.dagbag.DagBag"}
{"timestamp":"2026-03-15T23:15:27.952173","level":"info","event":"Filling up the DagBag from /opt/airflow/dags/carga_neon.py","logger":"airflow.models.dagbag.DagBag"}
{"timestamp":"2026-03-15T23:15:33.386050","level":"info","event":"Filling up the DagBag from /opt/airflow/dags/carga_neon.py","logger":"airflow.models.dagbag.DagBag"}
{"timestamp":"2026-03-15T23:15:39.607279","level":"info","event":"Filling up the DagBag from /opt/airflow/dags/carga_neon.py","logger":"airflow.models.dagbag.DagBag"}
{"timestamp":"2026-03-15T23:15:45.130698","level":"info","event":"Filling up the DagBag from /opt/airflow/dags/carga_neon.py","logger":"airflow.models.dagbag.DagBag"}
{"timestamp":"2026-03-15T23:15:50.597679","level":"info","event":"Filling up the DagBag from /opt/airflow/dags/carga_neon.py","logger":"airflow.models.dagbag.DagBag"}
{"timestamp":"2026-03-15T23:16:03.786218","level":"info","event":"Filling up the DagBag from /opt/airflow/dags/carga_neon.py","logger":"airflow.models.dagbag.DagBag"}
{"timestamp":"2026-03-15T23:16:09.052701","level":"info","event":"Filling up the DagBag from /opt/airflow/dags/carga_neon.py","logger":"airflow.models.dagbag.DagBag"}
{"timestamp":"2026-03-15T23:16:14.382257","level":"info","event":"Filling up the DagBag from /opt/airflow/dags/carga_neon.py","logger":"airflow.models.dagbag.DagBag"}
{"timestamp":"2026-03-15T23:16:20.692609","level":"info","event":"Filling up the DagBag from /opt/airflow/dags/carga_neon.py","logger":"airflow.models.dagbag.DagBag"}
{"timestamp":"2026-03-15T23:16:26.490127","level":"info","event":"Filling up the DagBag from /opt/airflow/dags/carga_neon.py","logger":"airflow.models.dagbag.DagBag"}
{"timestamp":"2026-03-15T23:16:31.902334","level":"info","event":"Filling up the DagBag from /opt/airflow/dags/carga_neon.py","logger":"airflow.models.dagbag.DagBag"}
{"timestamp":"2026-03-15T23:17:00.799966","level":"info","event":"Filling up the DagBag from /opt/airflow/dags/carga_neon.py","logger":"airflow.models.dagbag.DagBag"}
{"timestamp":"2026-03-15T23:17:07.101841","level":"info","event":"Filling up the DagBag from /opt/airflow/dags/carga_neon.py","logger":"airflow.models.dagbag.DagBag"}
{"timestamp":"2026-03-15T23:17:12.540311","level":"info","event":"Filling up the DagBag from /opt/airflow/dags/carga_neon.py","logger":"airflow.models.dagbag.DagBag"}
{"timestamp":"2026-03-15T23:17:17.911780","level":"info","event":"Filling up the DagBag from /opt/airflow/dags/carga_neon.py","logger":"airflow.models.dagbag.DagBag"}
{"timestamp":"2026-03-15T23:17:23.582704","level":"info","event":"Filling up the DagBag from /opt/airflow/dags/carga_neon.py","logger":"airflow.models.dagbag.DagBag"}
{"timestamp":"2026-03-15T23:17:29.264136","level":"info","event":"Filling up the DagBag from /opt/airflow/dags/carga_neon.py","logger":"airflow.models.dagbag.DagBag"}
{"timestamp":"2026-03-15T23:17:34.877116","level":"info","event":"Filling up the DagBag from /opt/airflow/dags/carga_neon.py","logger":"airflow.models.dagbag.DagBag"}
{"timestamp":"2026-03-15T23:18:47.367355","level":"info","event":"Filling up the DagBag from /opt/airflow/dags/carga_neon.py","logger":"airflow.models.dagbag.DagBag"}
{"timestamp":"2026-03-15T23:18:52.613735","level":"info","event":"Filling up the DagBag from /opt/airflow/dags/carga_neon.py","logger":"airflow.models.dagbag.DagBag"}
{"timestamp":"2026-03-15T23:18:57.942505","level":"info","event":"Filling up the DagBag from /opt/airflow/dags/carga_neon.py","logger":"airflow.models.dagbag.DagBag"}
{"timestamp":"2026-03-15T23:19:03.472027","level":"info","event":"Filling up the DagBag from /opt/airflow/dags/carga_neon.py","logger":"airflow.models.dagbag.DagBag"}
{"timestamp":"2026-03-15T23:19:08.821954","level":"info","event":"Filling up the DagBag from /opt/airflow/dags/carga_neon.py","logger":"airflow.models.dagbag.DagBag"}
{"timestamp":"2026-03-15T23:19:14.255238","level":"info","event":"Filling up the DagBag from /opt/airflow/dags/carga_neon.py","logger":"airflow.models.dagbag.DagBag"}
{"timestamp":"2026-03-15T23:20:38.839320","level":"info","event":"Filling up the DagBag from /opt/airflow/dags/carga_neon.py","logger":"airflow.models.dagbag.DagBag"}
{"timestamp":"2026-03-15T23:20:44.851594","level":"info","event":"Filling up the DagBag from /opt/airflow/dags/carga_neon.py","logger":"airflow.models.dagbag.DagBag"}
{"timestamp":"2026-03-15T23:20:50.822690","level":"info","event":"Filling up the DagBag from /opt/airflow/dags/carga_neon.py","logger":"airflow.models.dagbag.DagBag"}
{"timestamp":"2026-03-15T23:20:56.482423","level":"info","event":"Filling up the DagBag from /opt/airflow/dags/carga_neon.py","logger":"airflow.models.dagbag.DagBag"}
{"timestamp":"2026-03-15T23:21:01.852444","level":"info","event":"Filling up the DagBag from /opt/airflow/dags/carga_neon.py","logger":"airflow.models.dagbag.DagBag"}
{"timestamp":"2026-03-15T23:21:07.666700","level":"info","event":"Filling up the DagBag from /opt/airflow/dags/carga_neon.py","logger":"airflow.models.dagbag.DagBag"}
{"timestamp":"2026-03-15T23:21:12.974452","level":"info","event":"Filling up the DagBag from /opt/airflow/dags/carga_neon.py","logger":"airflow.models.dagbag.DagBag"}
{"timestamp":"2026-03-15T23:21:18.431597","level":"info","event":"Filling up the DagBag from /opt/airflow/dags/carga_neon.py","logger":"airflow.models.dagbag.DagBag"}
{"timestamp":"2026-03-15T23:21:24.197976","level":"info","event":"Filling up the DagBag from /opt/airflow/dags/carga_neon.py","logger":"airflow.models.dagbag.DagBag"}
{"timestamp":"2026-03-15T23:21:29.657198","level":"info","event":"Filling up the DagBag from /opt/airflow/dags/carga_neon.py","logger":"airflow.models.dagbag.DagBag"}
{"timestamp":"2026-03-15T23:21:35.126553","level":"info","event":"Filling up the DagBag from /opt/airflow/dags/carga_neon.py","logger":"airflow.models.dagbag.DagBag"}
{"timestamp":"2026-03-15T23:21:40.574564","level":"info","event":"Filling up the DagBag from /opt/airflow/dags/carga_neon.py","logger":"airflow.models.dagbag.DagBag"}
{"timestamp":"2026-03-15T23:21:45.943980","level":"info","event":"Filling up the DagBag from /opt/airflow/dags/carga_neon.py","logger":"airflow.models.dagbag.DagBag"}
{"timestamp":"2026-03-15T23:21:51.274262","level":"info","event":"Filling up the DagBag from /opt/airflow/dags/carga_neon.py","logger":"airflow.models.dagbag.DagBag"}
{"timestamp":"2026-03-15T23:21:56.612828","level":"info","event":"Filling up the DagBag from /opt/airflow/dags/carga_neon.py","logger":"airflow.models.dagbag.DagBag"}
{"timestamp":"2026-03-15T23:22:02.053388","level":"info","event":"Filling up the DagBag from /opt/airflow/dags/carga_neon.py","logger":"airflow.models.dagbag.DagBag"}
{"timestamp":"2026-03-15T23:22:07.427391","level":"info","event":"Filling up the DagBag from /opt/airflow/dags/carga_neon.py","logger":"airflow.models.dagbag.DagBag"}
{"timestamp":"2026-03-15T23:22:12.942825","level":"info","event":"Filling up the DagBag from /opt/airflow/dags/carga_neon.py","logger":"airflow.models.dagbag.DagBag"}
{"timestamp":"2026-03-15T23:22:18.152249","level":"info","event":"Filling up the DagBag from /opt/airflow/dags/carga_neon.py","logger":"airflow.models.dagbag.DagBag"}
{"timestamp":"2026-03-15T23:22:23.678014","level":"info","event":"Filling up the DagBag from /opt/airflow/dags/carga_neon.py","logger":"airflow.models.dagbag.DagBag"}
{"timestamp":"2026-03-15T23:22:28.988303","level":"info","event":"Filling up the DagBag from /opt/airflow/dags/carga_neon.py","logger":"airflow.models.dagbag.DagBag"}
{"timestamp":"2026-03-15T23:22:34.411022","level":"info","event":"Filling up the DagBag from /opt/airflow/dags/carga_neon.py","logger":"airflow.models.dagbag.DagBag"}
{"timestamp":"2026-03-15T23:22:39.721954","level":"info","event":"Filling up the DagBag from /opt/airflow/dags/carga_neon.py","logger":"airflow.models.dagbag.DagBag"}
{"timestamp":"2026-03-15T23:22:45.090279","level":"info","event":"Filling up the DagBag from /opt/airflow/dags/carga_neon.py","logger":"airflow.models.dagbag.DagBag"}
{"timestamp":"2026-03-15T23:22:50.435550","level":"info","event":"Filling up the DagBag from /opt/airflow/dags/carga_neon.py","logger":"airflow.models.dagbag.DagBag"}
{"timestamp":"2026-03-15T23:22:55.973113","level":"info","event":"Filling up the DagBag from /opt/airflow/dags/carga_neon.py","logger":"airflow.models.dagbag.DagBag"}
{"timestamp":"2026-03-15T23:23:01.386774","level":"info","event":"Filling up the DagBag from /opt/airflow/dags/carga_neon.py","logger":"airflow.models.dagbag.DagBag"}
{"timestamp":"2026-03-15T23:23:06.611938","level":"info","event":"Filling up the DagBag from /opt/airflow/dags/carga_neon.py","logger":"airflow.models.dagbag.DagBag"}
{"timestamp":"2026-03-15T23:23:11.985707","level":"info","event":"Filling up the DagBag from /opt/airflow/dags/carga_neon.py","logger":"airflow.models.dagbag.DagBag"}
{"timestamp":"2026-03-15T23:23:17.446203","level":"info","event":"Filling up the DagBag from /opt/airflow/dags/carga_neon.py","logger":"airflow.models.dagbag.DagBag"}
{"timestamp":"2026-03-15T23:23:22.811039","level":"info","event":"Filling up the DagBag from /opt/airflow/dags/carga_neon.py","logger":"airflow.models.dagbag.DagBag"}
{"timestamp":"2026-03-15T23:23:28.156077","level":"info","event":"Filling up the DagBag from /opt/airflow/dags/carga_neon.py","logger":"airflow.models.dagbag.DagBag"}
{"timestamp":"2026-03-15T23:23:33.673330","level":"info","event":"Filling up the DagBag from /opt/airflow/dags/carga_neon.py","logger":"airflow.models.dagbag.DagBag"}
{"timestamp":"2026-03-15T23:23:39.055991","level":"info","event":"Filling up the DagBag from /opt/airflow/dags/carga_neon.py","logger":"airflow.models.dagbag.DagBag"}
{"timestamp":"2026-03-15T23:23:44.488622","level":"info","event":"Filling up the DagBag from /opt/airflow/dags/carga_neon.py","logger":"airflow.models.dagbag.DagBag"}
{"timestamp":"2026-03-15T23:23:49.794491","level":"info","event":"Filling up the DagBag from /opt/airflow/dags/carga_neon.py","logger":"airflow.models.dagbag.DagBag"}
{"timestamp":"2026-03-15T23:23:55.098480","level":"info","event":"Filling up the DagBag from /opt/airflow/dags/carga_neon.py","logger":"airflow.models.dagbag.DagBag"}
{"timestamp":"2026-03-15T23:24:00.472075","level":"info","event":"Filling up the DagBag from /opt/airflow/dags/carga_neon.py","logger":"airflow.models.dagbag.DagBag"}
{"timestamp":"2026-03-15T23:24:05.819865","level":"info","event":"Filling up the DagBag from /opt/airflow/dags/carga_neon.py","logger":"airflow.models.dagbag.DagBag"}
{"timestamp":"2026-03-15T23:24:11.123294","level":"info","event":"Filling up the DagBag from /opt/airflow/dags/carga_neon.py","logger":"airflow.models.dagbag.DagBag"}
{"timestamp":"2026-03-15T23:24:16.508725","level":"info","event":"Filling up the DagBag from /opt/airflow/dags/carga_neon.py","logger":"airflow.models.dagbag.DagBag"}
{"timestamp":"2026-03-15T23:24:22.090540","level":"info","event":"Filling up the DagBag from /opt/airflow/dags/carga_neon.py","logger":"airflow.models.dagbag.DagBag"}
{"timestamp":"2026-03-15T23:24:27.619246","level":"info","event":"Filling up the DagBag from /opt/airflow/dags/carga_neon.py","logger":"airflow.models.dagbag.DagBag"}
{"timestamp":"2026-03-15T23:24:33.435646","level":"info","event":"Filling up the DagBag from /opt/airflow/dags/carga_neon.py","logger":"airflow.models.dagbag.DagBag"}
{"timestamp":"2026-03-15T23:24:38.824410","level":"info","event":"Filling up the DagBag from /opt/airflow/dags/carga_neon.py","logger":"airflow.models.dagbag.DagBag"}
{"timestamp":"2026-03-15T23:24:44.101813","level":"info","event":"Filling up the DagBag from /opt/airflow/dags/carga_neon.py","logger":"airflow.models.dagbag.DagBag"}
{"timestamp":"2026-03-15T23:24:49.421364","level":"info","event":"Filling up the DagBag from /opt/airflow/dags/carga_neon.py","logger":"airflow.models.dagbag.DagBag"}
{"timestamp":"2026-03-15T23:24:54.885898","level":"info","event":"Filling up the DagBag from /opt/airflow/dags/carga_neon.py","logger":"airflow.models.dagbag.DagBag"}
{"timestamp":"2026-03-15T23:25:00.304324","level":"info","event":"Filling up the DagBag from /opt/airflow/dags/carga_neon.py","logger":"airflow.models.dagbag.DagBag"}
{"timestamp":"2026-03-15T23:25:05.650243","level":"info","event":"Filling up the DagBag from /opt/airflow/dags/carga_neon.py","logger":"airflow.models.dagbag.DagBag"}
{"timestamp":"2026-03-15T23:25:10.974079","level":"info","event":"Filling up the DagBag from /opt/airflow/dags/carga_neon.py","logger":"airflow.models.dagbag.DagBag"}
{"timestamp":"2026-03-15T23:25:17.223589","level":"info","event":"Filling up the DagBag from /opt/airflow/dags/carga_neon.py","logger":"airflow.models.dagbag.DagBag"}
{"timestamp":"2026-03-15T23:25:22.783642","level":"info","event":"Filling up the DagBag from /opt/airflow/dags/carga_neon.py","logger":"airflow.models.dagbag.DagBag"}
{"timestamp":"2026-03-15T23:25:28.585420","level":"info","event":"Filling up the DagBag from /opt/airflow/dags/carga_neon.py","logger":"airflow.models.dagbag.DagBag"}
{"timestamp":"2026-03-15T23:25:34.091892","level":"info","event":"Filling up the DagBag from /opt/airflow/dags/carga_neon.py","logger":"airflow.models.dagbag.DagBag"}
{"timestamp":"2026-03-15T23:25:39.733121","level":"info","event":"Filling up the DagBag from /opt/airflow/dags/carga_neon.py","logger":"airflow.models.dagbag.DagBag"}
{"timestamp":"2026-03-15T23:25:45.473495","level":"info","event":"Filling up the DagBag from /opt/airflow/dags/carga_neon.py","logger":"airflow.models.dagbag.DagBag"}
{"timestamp":"2026-03-15T23:25:50.904930","level":"info","event":"Filling up the DagBag from /opt/airflow/dags/carga_neon.py","logger":"airflow.models.dagbag.DagBag"}
{"timestamp":"2026-03-15T23:25:56.428698","level":"info","event":"Filling up the DagBag from /opt/airflow/dags/carga_neon.py","logger":"airflow.models.dagbag.DagBag"}
{"timestamp":"2026-03-15T23:26:01.722940","level":"info","event":"Filling up the DagBag from /opt/airflow/dags/carga_neon.py","logger":"airflow.models.dagbag.DagBag"}
{"timestamp":"2026-03-15T23:26:07.347084","level":"info","event":"Filling up the DagBag from /opt/airflow/dags/carga_neon.py","logger":"airflow.models.dagbag.DagBag"}
{"timestamp":"2026-03-15T23:26:12.651877","level":"info","event":"Filling up the DagBag from /opt/airflow/dags/carga_neon.py","logger":"airflow.models.dagbag.DagBag"}
{"timestamp":"2026-03-15T23:26:17.958451","level":"info","event":"Filling up the DagBag from /opt/airflow/dags/carga_neon.py","logger":"airflow.models.dagbag.DagBag"}
{"timestamp":"2026-03-15T23:26:23.468624","level":"info","event":"Filling up the DagBag from /opt/airflow/dags/carga_neon.py","logger":"airflow.models.dagbag.DagBag"}
{"timestamp":"2026-03-15T23:26:28.865582","level":"info","event":"Filling up the DagBag from /opt/airflow/dags/carga_neon.py","logger":"airflow.models.dagbag.DagBag"}
{"timestamp":"2026-03-15T23:26:34.303877","level":"info","event":"Filling up the DagBag from /opt/airflow/dags/carga_neon.py","logger":"airflow.models.dagbag.DagBag"}
{"timestamp":"2026-03-15T23:26:39.638554","level":"info","event":"Filling up the DagBag from /opt/airflow/dags/carga_neon.py","logger":"airflow.models.dagbag.DagBag"}
{"timestamp":"2026-03-15T23:26:45.045447","level":"info","event":"Filling up the DagBag from /opt/airflow/dags/carga_neon.py","logger":"airflow.models.dagbag.DagBag"}
{"timestamp":"2026-03-15T23:26:50.271481","level":"info","event":"Filling up the DagBag from /opt/airflow/dags/carga_neon.py","logger":"airflow.models.dagbag.DagBag"}
{"timestamp":"2026-03-15T23:26:55.803657","level":"info","event":"Filling up the DagBag from /opt/airflow/dags/carga_neon.py","logger":"airflow.models.dagbag.DagBag"}
{"timestamp":"2026-03-15T23:27:01.326289","level":"info","event":"Filling up the DagBag from /opt/airflow/dags/carga_neon.py","logger":"airflow.models.dagbag.DagBag"}
{"timestamp":"2026-03-15T23:27:06.919282","level":"info","event":"Filling up the DagBag from /opt/airflow/dags/carga_neon.py","logger":"airflow.models.dagbag.DagBag"}
{"timestamp":"2026-03-15T23:27:12.427791","level":"info","event":"Filling up the DagBag from /opt/airflow/dags/carga_neon.py","logger":"airflow.models.dagbag.DagBag"}
{"timestamp":"2026-03-15T23:27:17.787185","level":"info","event":"Filling up the DagBag from /opt/airflow/dags/carga_neon.py","logger":"airflow.models.dagbag.DagBag"}
{"timestamp":"2026-03-15T23:27:23.357591","level":"info","event":"Filling up the DagBag from /opt/airflow/dags/carga_neon.py","logger":"airflow.models.dagbag.DagBag"}
{"timestamp":"2026-03-15T23:27:28.715652","level":"info","event":"Filling up the DagBag from /opt/airflow/dags/carga_neon.py","logger":"airflow.models.dagbag.DagBag"}
{"timestamp":"2026-03-15T23:27:34.255563","level":"info","event":"Filling up the DagBag from /opt/airflow/dags/carga_neon.py","logger":"airflow.models.dagbag.DagBag"}
{"timestamp":"2026-03-15T23:27:39.637381","level":"info","event":"Filling up the DagBag from /opt/airflow/dags/carga_neon.py","logger":"airflow.models.dagbag.DagBag"}
{"timestamp":"2026-03-15T23:27:45.296890","level":"info","event":"Filling up the DagBag from /opt/airflow/dags/carga_neon.py","logger":"airflow.models.dagbag.DagBag"}
{"timestamp":"2026-03-15T23:27:50.647453","level":"info","event":"Filling up the DagBag from /opt/airflow/dags/carga_neon.py","logger":"airflow.models.dagbag.DagBag"}
{"timestamp":"2026-03-15T23:27:56.382721","level":"info","event":"Filling up the DagBag from /opt/airflow/dags/carga_neon.py","logger":"airflow.models.dagbag.DagBag"}
{"timestamp":"2026-03-15T23:28:01.892150","level":"info","event":"Filling up the DagBag from /opt/airflow/dags/carga_neon.py","logger":"airflow.models.dagbag.DagBag"}
{"timestamp":"2026-03-15T23:28:07.361857","level":"info","event":"Filling up the DagBag from /opt/airflow/dags/carga_neon.py","logger":"airflow.models.dagbag.DagBag"}
{"timestamp":"2026-03-15T23:28:13.038450","level":"info","event":"Filling up the DagBag from /opt/airflow/dags/carga_neon.py","logger":"airflow.models.dagbag.DagBag"}
{"timestamp":"2026-03-15T23:28:18.571844","level":"info","event":"Filling up the DagBag from /opt/airflow/dags/carga_neon.py","logger":"airflow.models.dagbag.DagBag"}
{"timestamp":"2026-03-15T23:28:24.121848","level":"info","event":"Filling up the DagBag from /opt/airflow/dags/carga_neon.py","logger":"airflow.models.dagbag.DagBag"}
{"timestamp":"2026-03-15T23:28:29.564449","level":"info","event":"Filling up the DagBag from /opt/airflow/dags/carga_neon.py","logger":"airflow.models.dagbag.DagBag"}
{"timestamp":"2026-03-15T23:28:35.215856","level":"info","event":"Filling up the DagBag from /opt/airflow/dags/carga_neon.py","logger":"airflow.models.dagbag.DagBag"}
{"timestamp":"2026-03-15T23:28:40.444162","level":"info","event":"Filling up the DagBag from /opt/airflow/dags/carga_neon.py","logger":"airflow.models.dagbag.DagBag"}
{"timestamp":"2026-03-15T23:28:46.166908","level":"info","event":"Filling up the DagBag from /opt/airflow/dags/carga_neon.py","logger":"airflow.models.dagbag.DagBag"}
{"timestamp":"2026-03-15T23:28:51.810892","level":"info","event":"Filling up the DagBag from /opt/airflow/dags/carga_neon.py","logger":"airflow.models.dagbag.DagBag"}
{"timestamp":"2026-03-15T23:28:57.324963","level":"info","event":"Filling up the DagBag from /opt/airflow/dags/carga_neon.py","logger":"airflow.models.dagbag.DagBag"}
{"timestamp":"2026-03-15T23:29:02.861169","level":"info","event":"Filling up the DagBag from /opt/airflow/dags/carga_neon.py","logger":"airflow.models.dagbag.DagBag"}
{"timestamp":"2026-03-15T23:29:08.251126","level":"info","event":"Filling up the DagBag from /opt/airflow/dags/carga_neon.py","logger":"airflow.models.dagbag.DagBag"}
{"timestamp":"2026-03-15T23:29:13.921234","level":"info","event":"Filling up the DagBag from /opt/airflow/dags/carga_neon.py","logger":"airflow.models.dagbag.DagBag"}
{"timestamp":"2026-03-15T23:29:19.255392","level":"info","event":"Filling up the DagBag from /opt/airflow/dags/carga_neon.py","logger":"airflow.models.dagbag.DagBag"}
{"timestamp":"2026-03-15T23:29:25.352557","level":"info","event":"Filling up the DagBag from /opt/airflow/dags/carga_neon.py","logger":"airflow.models.dagbag.DagBag"}
{"timestamp":"2026-03-15T23:29:30.663436","level":"info","event":"Filling up the DagBag from /opt/airflow/dags/carga_neon.py","logger":"airflow.models.dagbag.DagBag"}
{"timestamp":"2026-03-15T23:29:36.288324","level":"info","event":"Filling up the DagBag from /opt/airflow/dags/carga_neon.py","logger":"airflow.models.dagbag.DagBag"}
{"timestamp":"2026-03-15T23:29:41.982251","level":"info","event":"Filling up the DagBag from /opt/airflow/dags/carga_neon.py","logger":"airflow.models.dagbag.DagBag"}
{"timestamp":"2026-03-15T23:29:47.579663","level":"info","event":"Filling up the DagBag from /opt/airflow/dags/carga_neon.py","logger":"airflow.models.dagbag.DagBag"}
{"timestamp":"2026-03-15T23:29:53.178404","level":"info","event":"Filling up the DagBag from /opt/airflow/dags/carga_neon.py","logger":"airflow.models.dagbag.DagBag"}
{"timestamp":"2026-03-15T23:29:58.709665","level":"info","event":"Filling up the DagBag from /opt/airflow/dags/carga_neon.py","logger":"airflow.models.dagbag.DagBag"}
{"timestamp":"2026-03-15T23:30:04.443677","level":"info","event":"Filling up the DagBag from /opt/airflow/dags/carga_neon.py","logger":"airflow.models.dagbag.DagBag"}
{"timestamp":"2026-03-15T23:30:09.672284","level":"info","event":"Filling up the DagBag from /opt/airflow/dags/carga_neon.py","logger":"airflow.models.dagbag.DagBag"}
{"timestamp":"2026-03-15T23:30:15.231693","level":"info","event":"Filling up the DagBag from /opt/airflow/dags/carga_neon.py","logger":"airflow.models.dagbag.DagBag"}
{"timestamp":"2026-03-15T23:30:20.676432","level":"info","event":"Filling up the DagBag from /opt/airflow/dags/carga_neon.py","logger":"airflow.models.dagbag.DagBag"}
{"timestamp":"2026-03-15T23:30:26.146913","level":"info","event":"Filling up the DagBag from /opt/airflow/dags/carga_neon.py","logger":"airflow.models.dagbag.DagBag"}
{"timestamp":"2026-03-15T23:30:32.014899","level":"info","event":"Filling up the DagBag from /opt/airflow/dags/carga_neon.py","logger":"airflow.models.dagbag.DagBag"}
{"timestamp":"2026-03-15T23:30:37.992158","level":"info","event":"Filling up the DagBag from /opt/airflow/dags/carga_neon.py","logger":"airflow.models.dagbag.DagBag"}
{"timestamp":"2026-03-15T23:30:44.030322","level":"info","event":"Filling up the DagBag from /opt/airflow/dags/carga_neon.py","logger":"airflow.models.dagbag.DagBag"}
{"timestamp":"2026-03-15T23:30:49.732305","level":"info","event":"Filling up the DagBag from /opt/airflow/dags/carga_neon.py","logger":"airflow.models.dagbag.DagBag"}
{"timestamp":"2026-03-15T23:30:55.106179","level":"info","event":"Filling up the DagBag from /opt/airflow/dags/carga_neon.py","logger":"airflow.models.dagbag.DagBag"}
{"timestamp":"2026-03-15T23:31:00.436356","level":"info","event":"Filling up the DagBag from /opt/airflow/dags/carga_neon.py","logger":"airflow.models.dagbag.DagBag"}
{"timestamp":"2026-03-15T23:31:06.608116","level":"info","event":"Filling up the DagBag from /opt/airflow/dags/carga_neon.py","logger":"airflow.models.dagbag.DagBag"}
{"timestamp":"2026-03-15T23:31:12.906284","level":"info","event":"Filling up the DagBag from /opt/airflow/dags/carga_neon.py","logger":"airflow.models.dagbag.DagBag"}
{"timestamp":"2026-03-15T23:31:18.956104","level":"info","event":"Filling up the DagBag from /opt/airflow/dags/carga_neon.py","logger":"airflow.models.dagbag.DagBag"}
{"timestamp":"2026-03-15T23:31:24.549068","level":"info","event":"Filling up the DagBag from /opt/airflow/dags/carga_neon.py","logger":"airflow.models.dagbag.DagBag"}
{"timestamp":"2026-03-15T23:31:29.917910","level":"info","event":"Filling up the DagBag from /opt/airflow/dags/carga_neon.py","logger":"airflow.models.dagbag.DagBag"}
{"timestamp":"2026-03-15T23:31:35.422560","level":"info","event":"Filling up the DagBag from /opt/airflow/dags/carga_neon.py","logger":"airflow.models.dagbag.DagBag"}
{"timestamp":"2026-03-15T23:31:40.849933","level":"info","event":"Filling up the DagBag from /opt/airflow/dags/carga_neon.py","logger":"airflow.models.dagbag.DagBag"}
{"timestamp":"2026-03-15T23:31:46.578622","level":"info","event":"Filling up the DagBag from /opt/airflow/dags/carga_neon.py","logger":"airflow.models.dagbag.DagBag"}
{"timestamp":"2026-03-15T23:31:52.087590","level":"info","event":"Filling up the DagBag from /opt/airflow/dags/carga_neon.py","logger":"airflow.models.dagbag.DagBag"}
{"timestamp":"2026-03-15T23:31:57.428718","level":"info","event":"Filling up the DagBag from /opt/airflow/dags/carga_neon.py","logger":"airflow.models.dagbag.DagBag"}
{"timestamp":"2026-03-15T23:32:02.915803","level":"info","event":"Filling up the DagBag from /opt/airflow/dags/carga_neon.py","logger":"airflow.models.dagbag.DagBag"}
{"timestamp":"2026-03-15T23:32:08.373763","level":"info","event":"Filling up the DagBag from /opt/airflow/dags/carga_neon.py","logger":"airflow.models.dagbag.DagBag"}
{"timestamp":"2026-03-15T23:32:14.252337","level":"info","event":"Filling up the DagBag from /opt/airflow/dags/carga_neon.py","logger":"airflow.models.dagbag.DagBag"}
{"timestamp":"2026-03-15T23:32:19.593308","level":"info","event":"Filling up the DagBag from /opt/airflow/dags/carga_neon.py","logger":"airflow.models.dagbag.DagBag"}
{"timestamp":"2026-03-15T23:32:25.099792","level":"info","event":"Filling up the DagBag from /opt/airflow/dags/carga_neon.py","logger":"airflow.models.dagbag.DagBag"}
{"timestamp":"2026-03-15T23:32:30.586806","level":"info","event":"Filling up the DagBag from /opt/airflow/dags/carga_neon.py","logger":"airflow.models.dagbag.DagBag"}
{"timestamp":"2026-03-15T23:32:36.105967","level":"info","event":"Filling up the DagBag from /opt/airflow/dags/carga_neon.py","logger":"airflow.models.dagbag.DagBag"}
{"timestamp":"2026-03-15T23:32:41.495533","level":"info","event":"Filling up the DagBag from /opt/airflow/dags/carga_neon.py","logger":"airflow.models.dagbag.DagBag"}
{"timestamp":"2026-03-15T23:32:47.018189","level":"info","event":"Filling up the DagBag from /opt/airflow/dags/carga_neon.py","logger":"airflow.models.dagbag.DagBag"}
{"timestamp":"2026-03-15T23:32:52.591451","level":"info","event":"Filling up the DagBag from /opt/airflow/dags/carga_neon.py","logger":"airflow.models.dagbag.DagBag"}
{"timestamp":"2026-03-15T23:32:58.273018","level":"info","event":"Filling up the DagBag from /opt/airflow/dags/carga_neon.py","logger":"airflow.models.dagbag.DagBag"}
{"timestamp":"2026-03-15T23:33:03.903992","level":"info","event":"Filling up the DagBag from /opt/airflow/dags/carga_neon.py","logger":"airflow.models.dagbag.DagBag"}
{"timestamp":"2026-03-15T23:33:09.499971","level":"info","event":"Filling up the DagBag from /opt/airflow/dags/carga_neon.py","logger":"airflow.models.dagbag.DagBag"}
{"timestamp":"2026-03-15T23:33:15.085156","level":"info","event":"Filling up the DagBag from /opt/airflow/dags/carga_neon.py","logger":"airflow.models.dagbag.DagBag"}
{"timestamp":"2026-03-15T23:33:20.937362","level":"info","event":"Filling up the DagBag from /opt/airflow/dags/carga_neon.py","logger":"airflow.models.dagbag.DagBag"}
{"timestamp":"2026-03-15T23:33:26.759386","level":"info","event":"Filling up the DagBag from /opt/airflow/dags/carga_neon.py","logger":"airflow.models.dagbag.DagBag"}
{"timestamp":"2026-03-15T23:33:32.249220","level":"info","event":"Filling up the DagBag from /opt/airflow/dags/carga_neon.py","logger":"airflow.models.dagbag.DagBag"}
{"timestamp":"2026-03-15T23:33:37.511242","level":"info","event":"Filling up the DagBag from /opt/airflow/dags/carga_neon.py","logger":"airflow.models.dagbag.DagBag"}
{"timestamp":"2026-03-15T23:33:43.048087","level":"info","event":"Filling up the DagBag from /opt/airflow/dags/carga_neon.py","logger":"airflow.models.dagbag.DagBag"}
{"timestamp":"2026-03-15T23:33:48.390144","level":"info","event":"Filling up the DagBag from /opt/airflow/dags/carga_neon.py","logger":"airflow.models.dagbag.DagBag"}
{"timestamp":"2026-03-15T23:33:53.863356","level":"info","event":"Filling up the DagBag from /opt/airflow/dags/carga_neon.py","logger":"airflow.models.dagbag.DagBag"}
{"timestamp":"2026-03-15T23:33:59.166369","level":"info","event":"Filling up the DagBag from /opt/airflow/dags/carga_neon.py","logger":"airflow.models.dagbag.DagBag"}
{"timestamp":"2026-03-15T23:34:04.597067","level":"info","event":"Filling up the DagBag from /opt/airflow/dags/carga_neon.py","logger":"airflow.models.dagbag.DagBag"}
{"timestamp":"2026-03-15T23:34:09.912662","level":"info","event":"Filling up the DagBag from /opt/airflow/dags/carga_neon.py","logger":"airflow.models.dagbag.DagBag"}
{"timestamp":"2026-03-15T23:34:15.383242","level":"info","event":"Filling up the DagBag from /opt/airflow/dags/carga_neon.py","logger":"airflow.models.dagbag.DagBag"}
{"timestamp":"2026-03-15T23:34:20.831896","level":"info","event":"Filling up the DagBag from /opt/airflow/dags/carga_neon.py","logger":"airflow.models.dagbag.DagBag"}
{"timestamp":"2026-03-15T23:34:26.082248","level":"info","event":"Filling up the DagBag from /opt/airflow/dags/carga_neon.py","logger":"airflow.models.dagbag.DagBag"}
{"timestamp":"2026-03-15T23:34:31.420040","level":"info","event":"Filling up the DagBag from /opt/airflow/dags/carga_neon.py","logger":"airflow.models.dagbag.DagBag"}
{"timestamp":"2026-03-15T23:34:36.748689","level":"info","event":"Filling up the DagBag from /opt/airflow/dags/carga_neon.py","logger":"airflow.models.dagbag.DagBag"}
{"timestamp":"2026-03-15T23:34:42.914113","level":"info","event":"Filling up the DagBag from /opt/airflow/dags/carga_neon.py","logger":"airflow.models.dagbag.DagBag"}
{"timestamp":"2026-03-15T23:34:48.206178","level":"info","event":"Filling up the DagBag from /opt/airflow/dags/carga_neon.py","logger":"airflow.models.dagbag.DagBag"}
{"timestamp":"2026-03-15T23:34:53.549490","level":"info","event":"Filling up the DagBag from /opt/airflow/dags/carga_neon.py","logger":"airflow.models.dagbag.DagBag"}
{"timestamp":"2026-03-15T23:34:59.052040","level":"info","event":"Filling up the DagBag from /opt/airflow/dags/carga_neon.py","logger":"airflow.models.dagbag.DagBag"}
{"timestamp":"2026-03-15T23:35:04.677202","level":"info","event":"Filling up the DagBag from /opt/airflow/dags/carga_neon.py","logger":"airflow.models.dagbag.DagBag"}
{"timestamp":"2026-03-15T23:35:09.895022","level":"info","event":"Filling up the DagBag from /opt/airflow/dags/carga_neon.py","logger":"airflow.models.dagbag.DagBag"}
{"timestamp":"2026-03-15T23:35:15.344640","level":"info","event":"Filling up the DagBag from /opt/airflow/dags/carga_neon.py","logger":"airflow.models.dagbag.DagBag"}
{"timestamp":"2026-03-15T23:35:20.787487","level":"info","event":"Filling up the DagBag from /opt/airflow/dags/carga_neon.py","logger":"airflow.models.dagbag.DagBag"}
{"timestamp":"2026-03-15T23:35:26.199240","level":"info","event":"Filling up the DagBag from /opt/airflow/dags/carga_neon.py","logger":"airflow.models.dagbag.DagBag"}
{"timestamp":"2026-03-15T23:35:31.501013","level":"info","event":"Filling up the DagBag from /opt/airflow/dags/carga_neon.py","logger":"airflow.models.dagbag.DagBag"}
{"timestamp":"2026-03-15T23:35:36.809667","level":"info","event":"Filling up the DagBag from /opt/airflow/dags/carga_neon.py","logger":"airflow.models.dagbag.DagBag"}
{"timestamp":"2026-03-15T23:35:42.202491","level":"info","event":"Filling up the DagBag from /opt/airflow/dags/carga_neon.py","logger":"airflow.models.dagbag.DagBag"}
{"timestamp":"2026-03-15T23:35:47.566739","level":"info","event":"Filling up the DagBag from /opt/airflow/dags/carga_neon.py","logger":"airflow.models.dagbag.DagBag"}
{"timestamp":"2026-03-15T23:35:53.330007","level":"info","event":"Filling up the DagBag from /opt/airflow/dags/carga_neon.py","logger":"airflow.models.dagbag.DagBag"}
{"timestamp":"2026-03-15T23:35:58.884557","level":"info","event":"Filling up the DagBag from /opt/airflow/dags/carga_neon.py","logger":"airflow.models.dagbag.DagBag"}
{"timestamp":"2026-03-15T23:36:04.637579","level":"info","event":"Filling up the DagBag from /opt/airflow/dags/carga_neon.py","logger":"airflow.models.dagbag.DagBag"}
{"timestamp":"2026-03-15T23:36:10.033568","level":"info","event":"Filling up the DagBag from /opt/airflow/dags/carga_neon.py","logger":"airflow.models.dagbag.DagBag"}
{"timestamp":"2026-03-15T23:36:15.361092","level":"info","event":"Filling up the DagBag from /opt/airflow/dags/carga_neon.py","logger":"airflow.models.dagbag.DagBag"}
{"timestamp":"2026-03-15T23:36:21.198858","level":"info","event":"Filling up the DagBag from /opt/airflow/dags/carga_neon.py","logger":"airflow.models.dagbag.DagBag"}
{"timestamp":"2026-03-15T23:36:27.037323","level":"info","event":"Filling up the DagBag from /opt/airflow/dags/carga_neon.py","logger":"airflow.models.dagbag.DagBag"}
{"timestamp":"2026-03-15T23:36:32.412483","level":"info","event":"Filling up the DagBag from /opt/airflow/dags/carga_neon.py","logger":"airflow.models.dagbag.DagBag"}
{"timestamp":"2026-03-15T23:36:37.951667","level":"info","event":"Filling up the DagBag from /opt/airflow/dags/carga_neon.py","logger":"airflow.models.dagbag.DagBag"}
{"timestamp":"2026-03-15T23:36:43.206503","level":"info","event":"Filling up the DagBag from /opt/airflow/dags/carga_neon.py","logger":"airflow.models.dagbag.DagBag"}
{"timestamp":"2026-03-15T23:36:48.722951","level":"info","event":"Filling up the DagBag from /opt/airflow/dags/carga_neon.py","logger":"airflow.models.dagbag.DagBag"}
{"timestamp":"2026-03-15T23:36:54.117070","level":"info","event":"Filling up the DagBag from /opt/airflow/dags/carga_neon.py","logger":"airflow.models.dagbag.DagBag"}
{"timestamp":"2026-03-15T23:36:59.482094","level":"info","event":"Filling up the DagBag from /opt/airflow/dags/carga_neon.py","logger":"airflow.models.dagbag.DagBag"}
{"timestamp":"2026-03-15T23:37:04.802886","level":"info","event":"Filling up the DagBag from /opt/airflow/dags/carga_neon.py","logger":"airflow.models.dagbag.DagBag"}
