{"timestamp":"2026-03-21T00:00:39.302157","level":"info","event":"Filling up the DagBag from /opt/airflow/dags/meu_primeiro_pipeline.py","logger":"airflow.models.dagbag.DagBag"}
{"timestamp":"2026-03-21T00:00:46.658289","level":"info","event":"Filling up the DagBag from /opt/airflow/dags/meu_primeiro_pipeline.py","logger":"airflow.models.dagbag.DagBag"}
{"timestamp":"2026-03-21T00:00:52.188572","level":"info","event":"Filling up the DagBag from /opt/airflow/dags/meu_primeiro_pipeline.py","logger":"airflow.models.dagbag.DagBag"}
{"timestamp":"2026-03-21T00:00:59.407822","level":"info","event":"Filling up the DagBag from /opt/airflow/dags/meu_primeiro_pipeline.py","logger":"airflow.models.dagbag.DagBag"}
{"timestamp":"2026-03-21T00:01:11.107916","level":"info","event":"Filling up the DagBag from /opt/airflow/dags/meu_primeiro_pipeline.py","logger":"airflow.models.dagbag.DagBag"}
{"timestamp":"2026-03-21T00:01:21.821230","level":"info","event":"Filling up the DagBag from /opt/airflow/dags/meu_primeiro_pipeline.py","logger":"airflow.models.dagbag.DagBag"}
{"timestamp":"2026-03-21T00:01:31.305729","level":"info","event":"Filling up the DagBag from /opt/airflow/dags/meu_primeiro_pipeline.py","logger":"airflow.models.dagbag.DagBag"}
{"timestamp":"2026-03-21T00:01:37.288856","level":"info","event":"Filling up the DagBag from /opt/airflow/dags/meu_primeiro_pipeline.py","logger":"airflow.models.dagbag.DagBag"}
{"timestamp":"2026-03-21T00:01:46.983795","level":"info","event":"Filling up the DagBag from /opt/airflow/dags/meu_primeiro_pipeline.py","logger":"airflow.models.dagbag.DagBag"}
{"timestamp":"2026-03-21T00:01:57.113981","level":"info","event":"Filling up the DagBag from /opt/airflow/dags/meu_primeiro_pipeline.py","logger":"airflow.models.dagbag.DagBag"}
{"timestamp":"2026-03-21T00:03:14.922000","level":"info","event":"Filling up the DagBag from /opt/airflow/dags/meu_primeiro_pipeline.py","logger":"airflow.models.dagbag.DagBag"}
{"timestamp":"2026-03-21T00:03:21.277965","level":"info","event":"Filling up the DagBag from /opt/airflow/dags/meu_primeiro_pipeline.py","logger":"airflow.models.dagbag.DagBag"}
{"timestamp":"2026-03-21T00:03:31.934083","level":"info","event":"Filling up the DagBag from /opt/airflow/dags/meu_primeiro_pipeline.py","logger":"airflow.models.dagbag.DagBag"}
{"timestamp":"2026-03-21T00:04:09.578469","level":"info","event":"Filling up the DagBag from /opt/airflow/dags/meu_primeiro_pipeline.py","logger":"airflow.models.dagbag.DagBag"}
{"timestamp":"2026-03-21T00:04:15.353495","level":"info","event":"Filling up the DagBag from /opt/airflow/dags/meu_primeiro_pipeline.py","logger":"airflow.models.dagbag.DagBag"}
{"timestamp":"2026-03-21T00:04:21.179382","level":"info","event":"Filling up the DagBag from /opt/airflow/dags/meu_primeiro_pipeline.py","logger":"airflow.models.dagbag.DagBag"}
{"timestamp":"2026-03-21T00:04:28.286196","level":"info","event":"Filling up the DagBag from /opt/airflow/dags/meu_primeiro_pipeline.py","logger":"airflow.models.dagbag.DagBag"}
{"timestamp":"2026-03-21T00:04:38.125485","level":"info","event":"Filling up the DagBag from /opt/airflow/dags/meu_primeiro_pipeline.py","logger":"airflow.models.dagbag.DagBag"}
{"timestamp":"2026-03-21T00:04:51.518064","level":"info","event":"Filling up the DagBag from /opt/airflow/dags/meu_primeiro_pipeline.py","logger":"airflow.models.dagbag.DagBag"}
{"timestamp":"2026-03-21T00:05:03.123764","level":"info","event":"Filling up the DagBag from /opt/airflow/dags/meu_primeiro_pipeline.py","logger":"airflow.models.dagbag.DagBag"}
{"timestamp":"2026-03-21T00:05:14.892472","level":"info","event":"Filling up the DagBag from /opt/airflow/dags/meu_primeiro_pipeline.py","logger":"airflow.models.dagbag.DagBag"}
{"timestamp":"2026-03-21T00:05:25.791650","level":"info","event":"Filling up the DagBag from /opt/airflow/dags/meu_primeiro_pipeline.py","logger":"airflow.models.dagbag.DagBag"}
{"timestamp":"2026-03-21T00:05:43.003571","level":"info","event":"Filling up the DagBag from /opt/airflow/dags/meu_primeiro_pipeline.py","logger":"airflow.models.dagbag.DagBag"}
{"timestamp":"2026-03-21T00:05:56.125332","level":"info","event":"Filling up the DagBag from /opt/airflow/dags/meu_primeiro_pipeline.py","logger":"airflow.models.dagbag.DagBag"}
{"timestamp":"2026-03-21T00:07:08.029338","level":"info","event":"Filling up the DagBag from /opt/airflow/dags/meu_primeiro_pipeline.py","logger":"airflow.models.dagbag.DagBag"}
{"timestamp":"2026-03-21T00:07:17.604041","level":"info","event":"Filling up the DagBag from /opt/airflow/dags/meu_primeiro_pipeline.py","logger":"airflow.models.dagbag.DagBag"}
{"timestamp":"2026-03-21T00:08:21.049555","level":"info","event":"Filling up the DagBag from /opt/airflow/dags/meu_primeiro_pipeline.py","logger":"airflow.models.dagbag.DagBag"}
{"timestamp":"2026-03-21T00:10:18.312306","level":"info","event":"Filling up the DagBag from /opt/airflow/dags/meu_primeiro_pipeline.py","logger":"airflow.models.dagbag.DagBag"}
{"timestamp":"2026-03-21T00:10:25.360863","level":"info","event":"Filling up the DagBag from /opt/airflow/dags/meu_primeiro_pipeline.py","logger":"airflow.models.dagbag.DagBag"}
{"timestamp":"2026-03-21T00:10:30.859135","level":"info","event":"Filling up the DagBag from /opt/airflow/dags/meu_primeiro_pipeline.py","logger":"airflow.models.dagbag.DagBag"}
{"timestamp":"2026-03-21T00:10:49.177525","level":"info","event":"Filling up the DagBag from /opt/airflow/dags/meu_primeiro_pipeline.py","logger":"airflow.models.dagbag.DagBag"}
{"timestamp":"2026-03-21T00:11:20.462490","level":"error","event":"Process timed out, PID: 3902","logger":"airflow.utils.timeout.TimeoutPosix"}
{"timestamp":"2026-03-21T00:11:23.064528","level":"error","event":"Failed to import: /opt/airflow/dags/meu_primeiro_pipeline.py","logger":"airflow.models.dagbag.DagBag","error_detail":[{"exc_type":"AirflowTaskTimeout","exc_value":"DagBag import timeout for /opt/airflow/dags/meu_primeiro_pipeline.py after 30.0s.\nPlease take a look at these docs to improve your DAG import time:\n* https://airflow.apache.org/docs/apache-airflow/3.0.1/best-practices.html#top-level-python-code\n* https://airflow.apache.org/docs/apache-airflow/3.0.1/best-practices.html#reducing-dag-complexity, PID: 3902","exc_notes":[],"syntax_error":null,"is_cause":false,"frames":[{"filename":"/home/airflow/.local/lib/python3.12/site-packages/airflow/models/dagbag.py","lineno":382,"name":"parse"},{"filename":"<frozen importlib._bootstrap_external>","lineno":999,"name":"exec_module"},{"filename":"<frozen importlib._bootstrap>","lineno":488,"name":"_call_with_frames_removed"},{"filename":"/opt/airflow/dags/meu_primeiro_pipeline.py","lineno":2,"name":"<module>"},{"filename":"/home/airflow/.local/lib/python3.12/site-packages/airflow/providers/common/sql/operators/sql.py","lineno":30,"name":"<module>"},{"filename":"/home/airflow/.local/lib/python3.12/site-packages/airflow/providers/common/sql/hooks/sql.py","lineno":52,"name":"<module>"},{"filename":"<frozen importlib._bootstrap>","lineno":1360,"name":"_find_and_load"},{"filename":"<frozen importlib._bootstrap>","lineno":1322,"name":"_find_and_load_unlocked"},{"filename":"<frozen importlib._bootstrap>","lineno":1262,"name":"_find_spec"},{"filename":"<frozen importlib._bootstrap_external>","lineno":1532,"name":"find_spec"},{"filename":"<frozen importlib._bootstrap_external>","lineno":1506,"name":"_get_spec"},{"filename":"<frozen importlib._bootstrap_external>","lineno":1624,"name":"find_spec"},{"filename":"/home/airflow/.local/lib/python3.12/site-packages/airflow/utils/timeout.py","lineno":69,"name":"handle_timeout"}]}]}
{"timestamp":"2026-03-21T00:11:32.658294","level":"info","event":"Filling up the DagBag from /opt/airflow/dags/meu_primeiro_pipeline.py","logger":"airflow.models.dagbag.DagBag"}
{"timestamp":"2026-03-21T00:11:38.983619","level":"info","event":"Filling up the DagBag from /opt/airflow/dags/meu_primeiro_pipeline.py","logger":"airflow.models.dagbag.DagBag"}
{"timestamp":"2026-03-21T00:11:44.651852","level":"info","event":"Filling up the DagBag from /opt/airflow/dags/meu_primeiro_pipeline.py","logger":"airflow.models.dagbag.DagBag"}
{"timestamp":"2026-03-21T00:11:50.522189","level":"info","event":"Filling up the DagBag from /opt/airflow/dags/meu_primeiro_pipeline.py","logger":"airflow.models.dagbag.DagBag"}
{"timestamp":"2026-03-21T00:11:56.426968","level":"info","event":"Filling up the DagBag from /opt/airflow/dags/meu_primeiro_pipeline.py","logger":"airflow.models.dagbag.DagBag"}
{"timestamp":"2026-03-21T00:12:02.068627","level":"info","event":"Filling up the DagBag from /opt/airflow/dags/meu_primeiro_pipeline.py","logger":"airflow.models.dagbag.DagBag"}
{"timestamp":"2026-03-21T00:12:20.422280","level":"info","event":"Filling up the DagBag from /opt/airflow/dags/meu_primeiro_pipeline.py","logger":"airflow.models.dagbag.DagBag"}
{"timestamp":"2026-03-21T00:14:08.896059","level":"info","event":"Filling up the DagBag from /opt/airflow/dags/meu_primeiro_pipeline.py","logger":"airflow.models.dagbag.DagBag"}
{"timestamp":"2026-03-21T00:14:48.326868","level":"info","event":"Filling up the DagBag from /opt/airflow/dags/meu_primeiro_pipeline.py","logger":"airflow.models.dagbag.DagBag"}
{"timestamp":"2026-03-21T00:16:59.409972","level":"info","event":"Filling up the DagBag from /opt/airflow/dags/meu_primeiro_pipeline.py","logger":"airflow.models.dagbag.DagBag"}
{"timestamp":"2026-03-21T00:17:04.817640","level":"info","event":"Filling up the DagBag from /opt/airflow/dags/meu_primeiro_pipeline.py","logger":"airflow.models.dagbag.DagBag"}
{"timestamp":"2026-03-21T00:17:12.923141","level":"info","event":"Filling up the DagBag from /opt/airflow/dags/meu_primeiro_pipeline.py","logger":"airflow.models.dagbag.DagBag"}
{"timestamp":"2026-03-21T00:17:18.553967","level":"info","event":"Filling up the DagBag from /opt/airflow/dags/meu_primeiro_pipeline.py","logger":"airflow.models.dagbag.DagBag"}
{"timestamp":"2026-03-21T00:17:23.938906","level":"info","event":"Filling up the DagBag from /opt/airflow/dags/meu_primeiro_pipeline.py","logger":"airflow.models.dagbag.DagBag"}
{"timestamp":"2026-03-21T00:17:29.642629","level":"info","event":"Filling up the DagBag from /opt/airflow/dags/meu_primeiro_pipeline.py","logger":"airflow.models.dagbag.DagBag"}
{"timestamp":"2026-03-21T00:18:42.484029","level":"info","event":"Filling up the DagBag from /opt/airflow/dags/meu_primeiro_pipeline.py","logger":"airflow.models.dagbag.DagBag"}
{"timestamp":"2026-03-21T00:18:47.894921","level":"info","event":"Filling up the DagBag from /opt/airflow/dags/meu_primeiro_pipeline.py","logger":"airflow.models.dagbag.DagBag"}
{"timestamp":"2026-03-21T00:18:53.265420","level":"info","event":"Filling up the DagBag from /opt/airflow/dags/meu_primeiro_pipeline.py","logger":"airflow.models.dagbag.DagBag"}
{"timestamp":"2026-03-21T00:18:58.845859","level":"info","event":"Filling up the DagBag from /opt/airflow/dags/meu_primeiro_pipeline.py","logger":"airflow.models.dagbag.DagBag"}
{"timestamp":"2026-03-21T00:19:04.507223","level":"info","event":"Filling up the DagBag from /opt/airflow/dags/meu_primeiro_pipeline.py","logger":"airflow.models.dagbag.DagBag"}
{"timestamp":"2026-03-21T00:19:27.918825","level":"info","event":"Filling up the DagBag from /opt/airflow/dags/meu_primeiro_pipeline.py","logger":"airflow.models.dagbag.DagBag"}
{"timestamp":"2026-03-21T00:19:39.659321","level":"info","event":"Filling up the DagBag from /opt/airflow/dags/meu_primeiro_pipeline.py","logger":"airflow.models.dagbag.DagBag"}
{"timestamp":"2026-03-21T00:19:44.898771","level":"info","event":"Filling up the DagBag from /opt/airflow/dags/meu_primeiro_pipeline.py","logger":"airflow.models.dagbag.DagBag"}
{"timestamp":"2026-03-21T00:19:50.162483","level":"info","event":"Filling up the DagBag from /opt/airflow/dags/meu_primeiro_pipeline.py","logger":"airflow.models.dagbag.DagBag"}
{"timestamp":"2026-03-21T00:19:55.479070","level":"info","event":"Filling up the DagBag from /opt/airflow/dags/meu_primeiro_pipeline.py","logger":"airflow.models.dagbag.DagBag"}
{"timestamp":"2026-03-21T00:20:25.503587","level":"info","event":"Filling up the DagBag from /opt/airflow/dags/meu_primeiro_pipeline.py","logger":"airflow.models.dagbag.DagBag"}
{"timestamp":"2026-03-21T00:20:39.975587","level":"info","event":"Filling up the DagBag from /opt/airflow/dags/meu_primeiro_pipeline.py","logger":"airflow.models.dagbag.DagBag"}
{"timestamp":"2026-03-21T00:20:47.660969","level":"info","event":"Filling up the DagBag from /opt/airflow/dags/meu_primeiro_pipeline.py","logger":"airflow.models.dagbag.DagBag"}
{"timestamp":"2026-03-21T00:20:52.960944","level":"info","event":"Filling up the DagBag from /opt/airflow/dags/meu_primeiro_pipeline.py","logger":"airflow.models.dagbag.DagBag"}
{"timestamp":"2026-03-21T00:20:59.018114","level":"info","event":"Filling up the DagBag from /opt/airflow/dags/meu_primeiro_pipeline.py","logger":"airflow.models.dagbag.DagBag"}
{"timestamp":"2026-03-21T00:21:44.233008","level":"info","event":"Filling up the DagBag from /opt/airflow/dags/meu_primeiro_pipeline.py","logger":"airflow.models.dagbag.DagBag"}
{"timestamp":"2026-03-21T00:21:54.192912","level":"info","event":"Filling up the DagBag from /opt/airflow/dags/meu_primeiro_pipeline.py","logger":"airflow.models.dagbag.DagBag"}
{"timestamp":"2026-03-21T00:21:59.662137","level":"info","event":"Filling up the DagBag from /opt/airflow/dags/meu_primeiro_pipeline.py","logger":"airflow.models.dagbag.DagBag"}
{"timestamp":"2026-03-21T00:22:05.090660","level":"info","event":"Filling up the DagBag from /opt/airflow/dags/meu_primeiro_pipeline.py","logger":"airflow.models.dagbag.DagBag"}
{"timestamp":"2026-03-21T00:22:10.258133","level":"info","event":"Filling up the DagBag from /opt/airflow/dags/meu_primeiro_pipeline.py","logger":"airflow.models.dagbag.DagBag"}
{"timestamp":"2026-03-21T00:23:35.739673","level":"info","event":"Filling up the DagBag from /opt/airflow/dags/meu_primeiro_pipeline.py","logger":"airflow.models.dagbag.DagBag"}
{"timestamp":"2026-03-21T00:23:42.491291","level":"info","event":"Filling up the DagBag from /opt/airflow/dags/meu_primeiro_pipeline.py","logger":"airflow.models.dagbag.DagBag"}
{"timestamp":"2026-03-21T00:23:47.867880","level":"info","event":"Filling up the DagBag from /opt/airflow/dags/meu_primeiro_pipeline.py","logger":"airflow.models.dagbag.DagBag"}
{"timestamp":"2026-03-21T00:23:53.154521","level":"info","event":"Filling up the DagBag from /opt/airflow/dags/meu_primeiro_pipeline.py","logger":"airflow.models.dagbag.DagBag"}
{"timestamp":"2026-03-21T00:23:58.397288","level":"info","event":"Filling up the DagBag from /opt/airflow/dags/meu_primeiro_pipeline.py","logger":"airflow.models.dagbag.DagBag"}
{"timestamp":"2026-03-21T00:24:03.637091","level":"info","event":"Filling up the DagBag from /opt/airflow/dags/meu_primeiro_pipeline.py","logger":"airflow.models.dagbag.DagBag"}
{"timestamp":"2026-03-21T00:24:58.140719","level":"info","event":"Filling up the DagBag from /opt/airflow/dags/meu_primeiro_pipeline.py","logger":"airflow.models.dagbag.DagBag"}
{"timestamp":"2026-03-21T00:25:19.285587","level":"info","event":"Filling up the DagBag from /opt/airflow/dags/meu_primeiro_pipeline.py","logger":"airflow.models.dagbag.DagBag"}
{"timestamp":"2026-03-21T00:25:26.842545","level":"info","event":"Filling up the DagBag from /opt/airflow/dags/meu_primeiro_pipeline.py","logger":"airflow.models.dagbag.DagBag"}
{"timestamp":"2026-03-21T00:25:40.754891","level":"info","event":"Filling up the DagBag from /opt/airflow/dags/meu_primeiro_pipeline.py","logger":"airflow.models.dagbag.DagBag"}
{"timestamp":"2026-03-21T00:25:45.987517","level":"info","event":"Filling up the DagBag from /opt/airflow/dags/meu_primeiro_pipeline.py","logger":"airflow.models.dagbag.DagBag"}
{"timestamp":"2026-03-21T00:25:51.571034","level":"info","event":"Filling up the DagBag from /opt/airflow/dags/meu_primeiro_pipeline.py","logger":"airflow.models.dagbag.DagBag"}
{"timestamp":"2026-03-21T00:26:53.378646","level":"info","event":"Filling up the DagBag from /opt/airflow/dags/meu_primeiro_pipeline.py","logger":"airflow.models.dagbag.DagBag"}
{"timestamp":"2026-03-21T00:27:04.279926","level":"info","event":"Filling up the DagBag from /opt/airflow/dags/meu_primeiro_pipeline.py","logger":"airflow.models.dagbag.DagBag"}
{"timestamp":"2026-03-21T00:27:09.707514","level":"info","event":"Filling up the DagBag from /opt/airflow/dags/meu_primeiro_pipeline.py","logger":"airflow.models.dagbag.DagBag"}
{"timestamp":"2026-03-21T00:27:15.469864","level":"info","event":"Filling up the DagBag from /opt/airflow/dags/meu_primeiro_pipeline.py","logger":"airflow.models.dagbag.DagBag"}
{"timestamp":"2026-03-21T00:27:20.867609","level":"info","event":"Filling up the DagBag from /opt/airflow/dags/meu_primeiro_pipeline.py","logger":"airflow.models.dagbag.DagBag"}
{"timestamp":"2026-03-21T00:27:27.932800","level":"info","event":"Filling up the DagBag from /opt/airflow/dags/meu_primeiro_pipeline.py","logger":"airflow.models.dagbag.DagBag"}
{"timestamp":"2026-03-21T00:28:01.479257","level":"error","event":"Process timed out, PID: 1477","logger":"airflow.utils.timeout.TimeoutPosix"}
{"timestamp":"2026-03-21T00:28:08.329215","level":"error","event":"Failed to import: /opt/airflow/dags/meu_primeiro_pipeline.py","logger":"airflow.models.dagbag.DagBag","error_detail":[{"exc_type":"AirflowTaskTimeout","exc_value":"DagBag import timeout for /opt/airflow/dags/meu_primeiro_pipeline.py after 30.0s.\nPlease take a look at these docs to improve your DAG import time:\n* https://airflow.apache.org/docs/apache-airflow/3.0.1/best-practices.html#top-level-python-code\n* https://airflow.apache.org/docs/apache-airflow/3.0.1/best-practices.html#reducing-dag-complexity, PID: 1477","exc_notes":[],"syntax_error":null,"is_cause":false,"frames":[{"filename":"/home/airflow/.local/lib/python3.12/site-packages/airflow/models/dagbag.py","lineno":382,"name":"parse"},{"filename":"<frozen importlib._bootstrap_external>","lineno":999,"name":"exec_module"},{"filename":"<frozen importlib._bootstrap>","lineno":488,"name":"_call_with_frames_removed"},{"filename":"/opt/airflow/dags/meu_primeiro_pipeline.py","lineno":2,"name":"<module>"},{"filename":"/home/airflow/.local/lib/python3.12/site-packages/airflow/providers/common/sql/operators/sql.py","lineno":766,"name":"<module>"},{"filename":"/home/airflow/.local/lib/python3.12/site-packages/airflow/sdk/bases/operator.py","lineno":536,"name":"__new__"},{"filename":"<frozen abc>","lineno":107,"name":"__new__"},{"filename":"/home/airflow/.local/lib/python3.12/site-packages/airflow/utils/timeout.py","lineno":69,"name":"handle_timeout"}]}]}
{"timestamp":"2026-03-21T00:28:19.944347","level":"info","event":"Filling up the DagBag from /opt/airflow/dags/meu_primeiro_pipeline.py","logger":"airflow.models.dagbag.DagBag"}
{"timestamp":"2026-03-21T00:29:18.593003","level":"info","event":"Filling up the DagBag from /opt/airflow/dags/meu_primeiro_pipeline.py","logger":"airflow.models.dagbag.DagBag"}
{"timestamp":"2026-03-21T00:29:23.970420","level":"info","event":"Filling up the DagBag from /opt/airflow/dags/meu_primeiro_pipeline.py","logger":"airflow.models.dagbag.DagBag"}
{"timestamp":"2026-03-21T00:29:29.307518","level":"info","event":"Filling up the DagBag from /opt/airflow/dags/meu_primeiro_pipeline.py","logger":"airflow.models.dagbag.DagBag"}
{"timestamp":"2026-03-21T00:29:34.577001","level":"info","event":"Filling up the DagBag from /opt/airflow/dags/meu_primeiro_pipeline.py","logger":"airflow.models.dagbag.DagBag"}
{"timestamp":"2026-03-21T00:29:39.790022","level":"info","event":"Filling up the DagBag from /opt/airflow/dags/meu_primeiro_pipeline.py","logger":"airflow.models.dagbag.DagBag"}
{"timestamp":"2026-03-21T00:29:45.325476","level":"info","event":"Filling up the DagBag from /opt/airflow/dags/meu_primeiro_pipeline.py","logger":"airflow.models.dagbag.DagBag"}
{"timestamp":"2026-03-21T00:29:51.624298","level":"info","event":"Filling up the DagBag from /opt/airflow/dags/meu_primeiro_pipeline.py","logger":"airflow.models.dagbag.DagBag"}
{"timestamp":"2026-03-21T00:30:20.440697","level":"info","event":"Filling up the DagBag from /opt/airflow/dags/meu_primeiro_pipeline.py","logger":"airflow.models.dagbag.DagBag"}
{"timestamp":"2026-03-21T00:30:26.676598","level":"info","event":"Filling up the DagBag from /opt/airflow/dags/meu_primeiro_pipeline.py","logger":"airflow.models.dagbag.DagBag"}
{"timestamp":"2026-03-21T00:30:31.990167","level":"info","event":"Filling up the DagBag from /opt/airflow/dags/meu_primeiro_pipeline.py","logger":"airflow.models.dagbag.DagBag"}
{"timestamp":"2026-03-21T00:30:37.382914","level":"info","event":"Filling up the DagBag from /opt/airflow/dags/meu_primeiro_pipeline.py","logger":"airflow.models.dagbag.DagBag"}
{"timestamp":"2026-03-21T00:30:42.636213","level":"info","event":"Filling up the DagBag from /opt/airflow/dags/meu_primeiro_pipeline.py","logger":"airflow.models.dagbag.DagBag"}
{"timestamp":"2026-03-21T00:31:07.770580","level":"info","event":"Filling up the DagBag from /opt/airflow/dags/meu_primeiro_pipeline.py","logger":"airflow.models.dagbag.DagBag"}
{"timestamp":"2026-03-21T00:31:18.858854","level":"info","event":"Filling up the DagBag from /opt/airflow/dags/meu_primeiro_pipeline.py","logger":"airflow.models.dagbag.DagBag"}
{"timestamp":"2026-03-21T00:32:34.316541","level":"info","event":"Filling up the DagBag from /opt/airflow/dags/meu_primeiro_pipeline.py","logger":"airflow.models.dagbag.DagBag"}
{"timestamp":"2026-03-21T00:34:39.250477","level":"info","event":"Filling up the DagBag from /opt/airflow/dags/meu_primeiro_pipeline.py","logger":"airflow.models.dagbag.DagBag"}
{"timestamp":"2026-03-21T00:34:45.086980","level":"info","event":"Filling up the DagBag from /opt/airflow/dags/meu_primeiro_pipeline.py","logger":"airflow.models.dagbag.DagBag"}
{"timestamp":"2026-03-21T00:34:50.478716","level":"info","event":"Filling up the DagBag from /opt/airflow/dags/meu_primeiro_pipeline.py","logger":"airflow.models.dagbag.DagBag"}
{"timestamp":"2026-03-21T00:34:55.721144","level":"info","event":"Filling up the DagBag from /opt/airflow/dags/meu_primeiro_pipeline.py","logger":"airflow.models.dagbag.DagBag"}
{"timestamp":"2026-03-21T00:35:01.181782","level":"info","event":"Filling up the DagBag from /opt/airflow/dags/meu_primeiro_pipeline.py","logger":"airflow.models.dagbag.DagBag"}
{"timestamp":"2026-03-21T00:35:06.448510","level":"info","event":"Filling up the DagBag from /opt/airflow/dags/meu_primeiro_pipeline.py","logger":"airflow.models.dagbag.DagBag"}
{"timestamp":"2026-03-21T00:36:46.411297","level":"info","event":"Filling up the DagBag from /opt/airflow/dags/meu_primeiro_pipeline.py","logger":"airflow.models.dagbag.DagBag"}
{"timestamp":"2026-03-21T00:36:52.421845","level":"info","event":"Filling up the DagBag from /opt/airflow/dags/meu_primeiro_pipeline.py","logger":"airflow.models.dagbag.DagBag"}
{"timestamp":"2026-03-21T00:36:58.398545","level":"info","event":"Filling up the DagBag from /opt/airflow/dags/meu_primeiro_pipeline.py","logger":"airflow.models.dagbag.DagBag"}
{"timestamp":"2026-03-21T00:37:04.240999","level":"info","event":"Filling up the DagBag from /opt/airflow/dags/meu_primeiro_pipeline.py","logger":"airflow.models.dagbag.DagBag"}
{"timestamp":"2026-03-21T00:37:10.018752","level":"info","event":"Filling up the DagBag from /opt/airflow/dags/meu_primeiro_pipeline.py","logger":"airflow.models.dagbag.DagBag"}
{"timestamp":"2026-03-21T00:37:15.976844","level":"info","event":"Filling up the DagBag from /opt/airflow/dags/meu_primeiro_pipeline.py","logger":"airflow.models.dagbag.DagBag"}
{"timestamp":"2026-03-21T00:37:58.114642","level":"info","event":"Filling up the DagBag from /opt/airflow/dags/meu_primeiro_pipeline.py","logger":"airflow.models.dagbag.DagBag"}
{"timestamp":"2026-03-21T00:38:22.093717","level":"info","event":"Filling up the DagBag from /opt/airflow/dags/meu_primeiro_pipeline.py","logger":"airflow.models.dagbag.DagBag"}
{"timestamp":"2026-03-21T00:38:28.199313","level":"info","event":"Filling up the DagBag from /opt/airflow/dags/meu_primeiro_pipeline.py","logger":"airflow.models.dagbag.DagBag"}
{"timestamp":"2026-03-21T00:38:33.668788","level":"info","event":"Filling up the DagBag from /opt/airflow/dags/meu_primeiro_pipeline.py","logger":"airflow.models.dagbag.DagBag"}
{"timestamp":"2026-03-21T00:38:39.139306","level":"info","event":"Filling up the DagBag from /opt/airflow/dags/meu_primeiro_pipeline.py","logger":"airflow.models.dagbag.DagBag"}
{"timestamp":"2026-03-21T00:38:44.599673","level":"info","event":"Filling up the DagBag from /opt/airflow/dags/meu_primeiro_pipeline.py","logger":"airflow.models.dagbag.DagBag"}
{"timestamp":"2026-03-21T00:38:49.989272","level":"info","event":"Filling up the DagBag from /opt/airflow/dags/meu_primeiro_pipeline.py","logger":"airflow.models.dagbag.DagBag"}
{"timestamp":"2026-03-21T00:38:55.686827","level":"info","event":"Filling up the DagBag from /opt/airflow/dags/meu_primeiro_pipeline.py","logger":"airflow.models.dagbag.DagBag"}
{"timestamp":"2026-03-21T00:39:00.998804","level":"info","event":"Filling up the DagBag from /opt/airflow/dags/meu_primeiro_pipeline.py","logger":"airflow.models.dagbag.DagBag"}
{"timestamp":"2026-03-21T00:39:07.670589","level":"info","event":"Filling up the DagBag from /opt/airflow/dags/meu_primeiro_pipeline.py","logger":"airflow.models.dagbag.DagBag"}
{"timestamp":"2026-03-21T00:39:42.481811","level":"info","event":"Filling up the DagBag from /opt/airflow/dags/meu_primeiro_pipeline.py","logger":"airflow.models.dagbag.DagBag"}
{"timestamp":"2026-03-21T00:43:03.790159","level":"info","event":"Filling up the DagBag from /opt/airflow/dags/meu_primeiro_pipeline.py","logger":"airflow.models.dagbag.DagBag"}
{"timestamp":"2026-03-21T00:43:15.987365","level":"info","event":"Filling up the DagBag from /opt/airflow/dags/meu_primeiro_pipeline.py","logger":"airflow.models.dagbag.DagBag"}
{"timestamp":"2026-03-21T00:43:22.046584","level":"info","event":"Filling up the DagBag from /opt/airflow/dags/meu_primeiro_pipeline.py","logger":"airflow.models.dagbag.DagBag"}
{"timestamp":"2026-03-21T00:43:28.965308","level":"info","event":"Filling up the DagBag from /opt/airflow/dags/meu_primeiro_pipeline.py","logger":"airflow.models.dagbag.DagBag"}
{"timestamp":"2026-03-21T00:43:34.496820","level":"info","event":"Filling up the DagBag from /opt/airflow/dags/meu_primeiro_pipeline.py","logger":"airflow.models.dagbag.DagBag"}
{"timestamp":"2026-03-21T00:43:40.346226","level":"info","event":"Filling up the DagBag from /opt/airflow/dags/meu_primeiro_pipeline.py","logger":"airflow.models.dagbag.DagBag"}
{"timestamp":"2026-03-21T00:43:46.417027","level":"info","event":"Filling up the DagBag from /opt/airflow/dags/meu_primeiro_pipeline.py","logger":"airflow.models.dagbag.DagBag"}
{"timestamp":"2026-03-21T00:43:51.635616","level":"info","event":"Filling up the DagBag from /opt/airflow/dags/meu_primeiro_pipeline.py","logger":"airflow.models.dagbag.DagBag"}
{"timestamp":"2026-03-21T00:43:57.956132","level":"info","event":"Filling up the DagBag from /opt/airflow/dags/meu_primeiro_pipeline.py","logger":"airflow.models.dagbag.DagBag"}
{"timestamp":"2026-03-21T00:44:03.297569","level":"info","event":"Filling up the DagBag from /opt/airflow/dags/meu_primeiro_pipeline.py","logger":"airflow.models.dagbag.DagBag"}
{"timestamp":"2026-03-21T00:44:09.055565","level":"info","event":"Filling up the DagBag from /opt/airflow/dags/meu_primeiro_pipeline.py","logger":"airflow.models.dagbag.DagBag"}
{"timestamp":"2026-03-21T00:44:14.882269","level":"info","event":"Filling up the DagBag from /opt/airflow/dags/meu_primeiro_pipeline.py","logger":"airflow.models.dagbag.DagBag"}
{"timestamp":"2026-03-21T00:44:20.860940","level":"info","event":"Filling up the DagBag from /opt/airflow/dags/meu_primeiro_pipeline.py","logger":"airflow.models.dagbag.DagBag"}
{"timestamp":"2026-03-21T00:44:26.148962","level":"info","event":"Filling up the DagBag from /opt/airflow/dags/meu_primeiro_pipeline.py","logger":"airflow.models.dagbag.DagBag"}
{"timestamp":"2026-03-21T00:44:31.384462","level":"info","event":"Filling up the DagBag from /opt/airflow/dags/meu_primeiro_pipeline.py","logger":"airflow.models.dagbag.DagBag"}
{"timestamp":"2026-03-21T01:45:15.731186","level":"info","event":"Filling up the DagBag from /opt/airflow/dags/meu_primeiro_pipeline.py","logger":"airflow.models.dagbag.DagBag"}
{"timestamp":"2026-03-21T01:45:26.794542","level":"info","event":"Filling up the DagBag from /opt/airflow/dags/meu_primeiro_pipeline.py","logger":"airflow.models.dagbag.DagBag"}
{"timestamp":"2026-03-21T01:45:36.273692","level":"info","event":"Filling up the DagBag from /opt/airflow/dags/meu_primeiro_pipeline.py","logger":"airflow.models.dagbag.DagBag"}
{"timestamp":"2026-03-21T01:46:00.402009","level":"info","event":"Filling up the DagBag from /opt/airflow/dags/meu_primeiro_pipeline.py","logger":"airflow.models.dagbag.DagBag"}
{"timestamp":"2026-03-21T01:46:10.997980","level":"info","event":"Filling up the DagBag from /opt/airflow/dags/meu_primeiro_pipeline.py","logger":"airflow.models.dagbag.DagBag"}
{"timestamp":"2026-03-21T01:46:16.434009","level":"info","event":"Filling up the DagBag from /opt/airflow/dags/meu_primeiro_pipeline.py","logger":"airflow.models.dagbag.DagBag"}
{"timestamp":"2026-03-21T01:46:22.055883","level":"info","event":"Filling up the DagBag from /opt/airflow/dags/meu_primeiro_pipeline.py","logger":"airflow.models.dagbag.DagBag"}
{"timestamp":"2026-03-21T01:46:27.535217","level":"info","event":"Filling up the DagBag from /opt/airflow/dags/meu_primeiro_pipeline.py","logger":"airflow.models.dagbag.DagBag"}
{"timestamp":"2026-03-21T01:46:32.969683","level":"info","event":"Filling up the DagBag from /opt/airflow/dags/meu_primeiro_pipeline.py","logger":"airflow.models.dagbag.DagBag"}
{"timestamp":"2026-03-21T01:46:38.482186","level":"info","event":"Filling up the DagBag from /opt/airflow/dags/meu_primeiro_pipeline.py","logger":"airflow.models.dagbag.DagBag"}
{"timestamp":"2026-03-21T01:47:02.126299","level":"info","event":"Filling up the DagBag from /opt/airflow/dags/meu_primeiro_pipeline.py","logger":"airflow.models.dagbag.DagBag"}
{"timestamp":"2026-03-21T01:47:32.215444","level":"info","event":"Filling up the DagBag from /opt/airflow/dags/meu_primeiro_pipeline.py","logger":"airflow.models.dagbag.DagBag"}
{"timestamp":"2026-03-21T01:47:38.137456","level":"info","event":"Filling up the DagBag from /opt/airflow/dags/meu_primeiro_pipeline.py","logger":"airflow.models.dagbag.DagBag"}
{"timestamp":"2026-03-21T01:47:44.446986","level":"info","event":"Filling up the DagBag from /opt/airflow/dags/meu_primeiro_pipeline.py","logger":"airflow.models.dagbag.DagBag"}
{"timestamp":"2026-03-21T01:47:49.871923","level":"info","event":"Filling up the DagBag from /opt/airflow/dags/meu_primeiro_pipeline.py","logger":"airflow.models.dagbag.DagBag"}
{"timestamp":"2026-03-21T01:47:55.423933","level":"info","event":"Filling up the DagBag from /opt/airflow/dags/meu_primeiro_pipeline.py","logger":"airflow.models.dagbag.DagBag"}
{"timestamp":"2026-03-21T01:48:00.840642","level":"info","event":"Filling up the DagBag from /opt/airflow/dags/meu_primeiro_pipeline.py","logger":"airflow.models.dagbag.DagBag"}
{"timestamp":"2026-03-21T01:48:06.367010","level":"info","event":"Filling up the DagBag from /opt/airflow/dags/meu_primeiro_pipeline.py","logger":"airflow.models.dagbag.DagBag"}
{"timestamp":"2026-03-21T01:48:11.896446","level":"info","event":"Filling up the DagBag from /opt/airflow/dags/meu_primeiro_pipeline.py","logger":"airflow.models.dagbag.DagBag"}
{"timestamp":"2026-03-21T01:48:45.874519","level":"info","event":"Filling up the DagBag from /opt/airflow/dags/meu_primeiro_pipeline.py","logger":"airflow.models.dagbag.DagBag"}
{"timestamp":"2026-03-21T01:48:51.664207","level":"info","event":"Filling up the DagBag from /opt/airflow/dags/meu_primeiro_pipeline.py","logger":"airflow.models.dagbag.DagBag"}
{"timestamp":"2026-03-21T01:48:57.449611","level":"info","event":"Filling up the DagBag from /opt/airflow/dags/meu_primeiro_pipeline.py","logger":"airflow.models.dagbag.DagBag"}
{"timestamp":"2026-03-21T01:49:03.364508","level":"info","event":"Filling up the DagBag from /opt/airflow/dags/meu_primeiro_pipeline.py","logger":"airflow.models.dagbag.DagBag"}
{"timestamp":"2026-03-21T01:49:08.896768","level":"info","event":"Filling up the DagBag from /opt/airflow/dags/meu_primeiro_pipeline.py","logger":"airflow.models.dagbag.DagBag"}
{"timestamp":"2026-03-21T01:49:14.473899","level":"info","event":"Filling up the DagBag from /opt/airflow/dags/meu_primeiro_pipeline.py","logger":"airflow.models.dagbag.DagBag"}
{"timestamp":"2026-03-21T01:54:52.280535","level":"info","event":"Filling up the DagBag from /opt/airflow/dags/meu_primeiro_pipeline.py","logger":"airflow.models.dagbag.DagBag"}
{"timestamp":"2026-03-21T01:54:58.224296","level":"info","event":"Filling up the DagBag from /opt/airflow/dags/meu_primeiro_pipeline.py","logger":"airflow.models.dagbag.DagBag"}
{"timestamp":"2026-03-21T01:55:21.379291","level":"info","event":"Filling up the DagBag from /opt/airflow/dags/meu_primeiro_pipeline.py","logger":"airflow.models.dagbag.DagBag"}
{"timestamp":"2026-03-21T01:55:26.818406","level":"info","event":"Filling up the DagBag from /opt/airflow/dags/meu_primeiro_pipeline.py","logger":"airflow.models.dagbag.DagBag"}
{"timestamp":"2026-03-21T01:55:34.387251","level":"info","event":"Filling up the DagBag from /opt/airflow/dags/meu_primeiro_pipeline.py","logger":"airflow.models.dagbag.DagBag"}
{"timestamp":"2026-03-21T01:55:39.759594","level":"info","event":"Filling up the DagBag from /opt/airflow/dags/meu_primeiro_pipeline.py","logger":"airflow.models.dagbag.DagBag"}
{"timestamp":"2026-03-21T01:55:45.434965","level":"info","event":"Filling up the DagBag from /opt/airflow/dags/meu_primeiro_pipeline.py","logger":"airflow.models.dagbag.DagBag"}
{"timestamp":"2026-03-21T01:55:51.229264","level":"info","event":"Filling up the DagBag from /opt/airflow/dags/meu_primeiro_pipeline.py","logger":"airflow.models.dagbag.DagBag"}
{"timestamp":"2026-03-21T01:56:20.010486","level":"info","event":"Filling up the DagBag from /opt/airflow/dags/meu_primeiro_pipeline.py","logger":"airflow.models.dagbag.DagBag"}
{"timestamp":"2026-03-21T01:56:25.630249","level":"info","event":"Filling up the DagBag from /opt/airflow/dags/meu_primeiro_pipeline.py","logger":"airflow.models.dagbag.DagBag"}
{"timestamp":"2026-03-21T01:56:31.492357","level":"info","event":"Filling up the DagBag from /opt/airflow/dags/meu_primeiro_pipeline.py","logger":"airflow.models.dagbag.DagBag"}
{"timestamp":"2026-03-21T01:56:36.930312","level":"info","event":"Filling up the DagBag from /opt/airflow/dags/meu_primeiro_pipeline.py","logger":"airflow.models.dagbag.DagBag"}
{"timestamp":"2026-03-21T01:56:42.427471","level":"info","event":"Filling up the DagBag from /opt/airflow/dags/meu_primeiro_pipeline.py","logger":"airflow.models.dagbag.DagBag"}
{"timestamp":"2026-03-21T01:56:48.556779","level":"info","event":"Filling up the DagBag from /opt/airflow/dags/meu_primeiro_pipeline.py","logger":"airflow.models.dagbag.DagBag"}
{"timestamp":"2026-03-21T01:57:31.478254","level":"info","event":"Filling up the DagBag from /opt/airflow/dags/meu_primeiro_pipeline.py","logger":"airflow.models.dagbag.DagBag"}
{"timestamp":"2026-03-21T01:57:37.547523","level":"info","event":"Filling up the DagBag from /opt/airflow/dags/meu_primeiro_pipeline.py","logger":"airflow.models.dagbag.DagBag"}
{"timestamp":"2026-03-21T01:57:43.544804","level":"info","event":"Filling up the DagBag from /opt/airflow/dags/meu_primeiro_pipeline.py","logger":"airflow.models.dagbag.DagBag"}
{"timestamp":"2026-03-21T01:57:49.102537","level":"info","event":"Filling up the DagBag from /opt/airflow/dags/meu_primeiro_pipeline.py","logger":"airflow.models.dagbag.DagBag"}
{"timestamp":"2026-03-21T01:57:55.094726","level":"info","event":"Filling up the DagBag from /opt/airflow/dags/meu_primeiro_pipeline.py","logger":"airflow.models.dagbag.DagBag"}
{"timestamp":"2026-03-21T01:58:00.768763","level":"info","event":"Filling up the DagBag from /opt/airflow/dags/meu_primeiro_pipeline.py","logger":"airflow.models.dagbag.DagBag"}
{"timestamp":"2026-03-21T01:58:37.067461","level":"info","event":"Filling up the DagBag from /opt/airflow/dags/meu_primeiro_pipeline.py","logger":"airflow.models.dagbag.DagBag"}
{"timestamp":"2026-03-21T01:58:42.547376","level":"info","event":"Filling up the DagBag from /opt/airflow/dags/meu_primeiro_pipeline.py","logger":"airflow.models.dagbag.DagBag"}
{"timestamp":"2026-03-21T01:58:48.060308","level":"info","event":"Filling up the DagBag from /opt/airflow/dags/meu_primeiro_pipeline.py","logger":"airflow.models.dagbag.DagBag"}
{"timestamp":"2026-03-21T01:58:53.563156","level":"info","event":"Filling up the DagBag from /opt/airflow/dags/meu_primeiro_pipeline.py","logger":"airflow.models.dagbag.DagBag"}
{"timestamp":"2026-03-21T01:58:59.015666","level":"info","event":"Filling up the DagBag from /opt/airflow/dags/meu_primeiro_pipeline.py","logger":"airflow.models.dagbag.DagBag"}
{"timestamp":"2026-03-21T01:59:04.640377","level":"info","event":"Filling up the DagBag from /opt/airflow/dags/meu_primeiro_pipeline.py","logger":"airflow.models.dagbag.DagBag"}
{"timestamp":"2026-03-21T01:59:10.002561","level":"info","event":"Filling up the DagBag from /opt/airflow/dags/meu_primeiro_pipeline.py","logger":"airflow.models.dagbag.DagBag"}
{"timestamp":"2026-03-21T01:59:56.907038","level":"info","event":"Filling up the DagBag from /opt/airflow/dags/meu_primeiro_pipeline.py","logger":"airflow.models.dagbag.DagBag"}
{"timestamp":"2026-03-21T02:00:02.568803","level":"info","event":"Filling up the DagBag from /opt/airflow/dags/meu_primeiro_pipeline.py","logger":"airflow.models.dagbag.DagBag"}
{"timestamp":"2026-03-21T02:00:07.883858","level":"info","event":"Filling up the DagBag from /opt/airflow/dags/meu_primeiro_pipeline.py","logger":"airflow.models.dagbag.DagBag"}
{"timestamp":"2026-03-21T02:00:13.569460","level":"info","event":"Filling up the DagBag from /opt/airflow/dags/meu_primeiro_pipeline.py","logger":"airflow.models.dagbag.DagBag"}
{"timestamp":"2026-03-21T02:00:19.036136","level":"info","event":"Filling up the DagBag from /opt/airflow/dags/meu_primeiro_pipeline.py","logger":"airflow.models.dagbag.DagBag"}
{"timestamp":"2026-03-21T02:00:24.641114","level":"info","event":"Filling up the DagBag from /opt/airflow/dags/meu_primeiro_pipeline.py","logger":"airflow.models.dagbag.DagBag"}
{"timestamp":"2026-03-21T02:03:08.249511","level":"info","event":"Filling up the DagBag from /opt/airflow/dags/meu_primeiro_pipeline.py","logger":"airflow.models.dagbag.DagBag"}
{"timestamp":"2026-03-21T02:03:14.398692","level":"info","event":"Filling up the DagBag from /opt/airflow/dags/meu_primeiro_pipeline.py","logger":"airflow.models.dagbag.DagBag"}
{"timestamp":"2026-03-21T02:03:20.153070","level":"info","event":"Filling up the DagBag from /opt/airflow/dags/meu_primeiro_pipeline.py","logger":"airflow.models.dagbag.DagBag"}
{"timestamp":"2026-03-21T02:03:25.502420","level":"info","event":"Filling up the DagBag from /opt/airflow/dags/meu_primeiro_pipeline.py","logger":"airflow.models.dagbag.DagBag"}
{"timestamp":"2026-03-21T02:03:30.820065","level":"info","event":"Filling up the DagBag from /opt/airflow/dags/meu_primeiro_pipeline.py","logger":"airflow.models.dagbag.DagBag"}
{"timestamp":"2026-03-21T02:03:36.201526","level":"info","event":"Filling up the DagBag from /opt/airflow/dags/meu_primeiro_pipeline.py","logger":"airflow.models.dagbag.DagBag"}
{"timestamp":"2026-03-21T02:03:41.625535","level":"info","event":"Filling up the DagBag from /opt/airflow/dags/meu_primeiro_pipeline.py","logger":"airflow.models.dagbag.DagBag"}
{"timestamp":"2026-03-21T02:03:48.715161","level":"info","event":"Filling up the DagBag from /opt/airflow/dags/meu_primeiro_pipeline.py","logger":"airflow.models.dagbag.DagBag"}
{"timestamp":"2026-03-21T02:03:54.165469","level":"info","event":"Filling up the DagBag from /opt/airflow/dags/meu_primeiro_pipeline.py","logger":"airflow.models.dagbag.DagBag"}
{"timestamp":"2026-03-21T02:03:59.648072","level":"info","event":"Filling up the DagBag from /opt/airflow/dags/meu_primeiro_pipeline.py","logger":"airflow.models.dagbag.DagBag"}
{"timestamp":"2026-03-21T02:04:05.448200","level":"info","event":"Filling up the DagBag from /opt/airflow/dags/meu_primeiro_pipeline.py","logger":"airflow.models.dagbag.DagBag"}
{"timestamp":"2026-03-21T02:04:11.286285","level":"info","event":"Filling up the DagBag from /opt/airflow/dags/meu_primeiro_pipeline.py","logger":"airflow.models.dagbag.DagBag"}
{"timestamp":"2026-03-21T02:04:17.023364","level":"info","event":"Filling up the DagBag from /opt/airflow/dags/meu_primeiro_pipeline.py","logger":"airflow.models.dagbag.DagBag"}
{"timestamp":"2026-03-21T02:04:23.322010","level":"info","event":"Filling up the DagBag from /opt/airflow/dags/meu_primeiro_pipeline.py","logger":"airflow.models.dagbag.DagBag"}
{"timestamp":"2026-03-21T02:04:43.009696","level":"info","event":"Filling up the DagBag from /opt/airflow/dags/meu_primeiro_pipeline.py","logger":"airflow.models.dagbag.DagBag"}
{"timestamp":"2026-03-21T02:04:48.579502","level":"info","event":"Filling up the DagBag from /opt/airflow/dags/meu_primeiro_pipeline.py","logger":"airflow.models.dagbag.DagBag"}
{"timestamp":"2026-03-21T02:04:54.026243","level":"info","event":"Filling up the DagBag from /opt/airflow/dags/meu_primeiro_pipeline.py","logger":"airflow.models.dagbag.DagBag"}
{"timestamp":"2026-03-21T02:05:00.510438","level":"info","event":"Filling up the DagBag from /opt/airflow/dags/meu_primeiro_pipeline.py","logger":"airflow.models.dagbag.DagBag"}
{"timestamp":"2026-03-21T02:05:06.139929","level":"info","event":"Filling up the DagBag from /opt/airflow/dags/meu_primeiro_pipeline.py","logger":"airflow.models.dagbag.DagBag"}
{"timestamp":"2026-03-21T02:05:11.609957","level":"info","event":"Filling up the DagBag from /opt/airflow/dags/meu_primeiro_pipeline.py","logger":"airflow.models.dagbag.DagBag"}
{"timestamp":"2026-03-21T02:06:18.685421","level":"info","event":"Filling up the DagBag from /opt/airflow/dags/meu_primeiro_pipeline.py","logger":"airflow.models.dagbag.DagBag"}
{"timestamp":"2026-03-21T02:06:25.124602","level":"info","event":"Filling up the DagBag from /opt/airflow/dags/meu_primeiro_pipeline.py","logger":"airflow.models.dagbag.DagBag"}
{"timestamp":"2026-03-21T02:06:30.718174","level":"info","event":"Filling up the DagBag from /opt/airflow/dags/meu_primeiro_pipeline.py","logger":"airflow.models.dagbag.DagBag"}
{"timestamp":"2026-03-21T02:06:36.222669","level":"info","event":"Filling up the DagBag from /opt/airflow/dags/meu_primeiro_pipeline.py","logger":"airflow.models.dagbag.DagBag"}
{"timestamp":"2026-03-21T02:06:41.983184","level":"info","event":"Filling up the DagBag from /opt/airflow/dags/meu_primeiro_pipeline.py","logger":"airflow.models.dagbag.DagBag"}
{"timestamp":"2026-03-21T02:06:47.432016","level":"info","event":"Filling up the DagBag from /opt/airflow/dags/meu_primeiro_pipeline.py","logger":"airflow.models.dagbag.DagBag"}
